data: {"phase":"planning","currentStep":"Creating site architecture","progress":10,"message":"Planning multi-page website structure... (Demo Mode - using template)"}

data: {"phase":"planning","currentStep":"Generating demo structure","progress":50,"message":"Creating professional demo website..."}

data: {"phase":"planning","currentStep":"Finalizing structure","progress":100,"message":"Demo structure complete!"}

data: {"phase":"pages","currentStep":"Generating Home","progress":40,"message":"Creating Home page... (Demo Mode)"}

data: {"phase":"pages","currentStep":"Generating Menu","progress":50,"message":"Creating Menu page... (Demo Mode)"}

data: {"phase":"pages","currentStep":"Generating About","progress":60,"message":"Creating About page... (Demo Mode)"}

data: {"phase":"pages","currentStep":"Generating Contact","progress":70,"message":"Creating Contact page... (Demo Mode)"}

data: {"phase":"assets","currentStep":"Creating professional styles","progress":75,"message":"Applying professional design system..."}

data: {"phase":"assets","currentStep":"Creating demo scripts","progress":85,"message":"Adding interactivity..."}

data: {"phase":"assembly","currentStep":"Complete","progress":100,"message":"Multi-page website complete! 4 pages generated."}

data: {"stage":"complete","progress":100,"data":{"manifest":{"siteName":"Amazing Pizza Place","description":"Amazing Pizza Place - Restaurant for Families","version":"1.0","pages":[{"slug":"home","title":"Home","description":"Learn about our home and how we can help you succeed","sections":[{"id":"hero","type":"hero","title":"Home - Amazing Pizza Place","content":"Welcome to our home page. We're dedicated to delivering exceptional Restaurant.","order":1},{"id":"features","type":"features","title":"Key Features","content":"Discover what makes us unique","order":2},{"id":"content","type":"content","title":"Our Approach","content":"We combine innovation with reliability","order":3},{"id":"cta","type":"cta","title":"Get Started Today","content":"Ready to take the next step?","order":4}],"seo":{"title":"Home | Amazing Pizza Place","description":"Amazing Pizza Place home - Families","keywords":[]},"order":1},{"slug":"menu","title":"Menu","description":"Learn about our menu and how we can help you succeed","sections":[{"id":"hero","type":"hero","title":"Menu - Amazing Pizza Place","content":"Welcome to our menu page. We're dedicated to delivering exceptional Restaurant.","order":1},{"id":"features","type":"features","title":"Key Features","content":"Discover what makes us unique","order":2},{"id":"content","type":"content","title":"Our Approach","content":"We combine innovation with reliability","order":3},{"id":"cta","type":"cta","title":"Get Started Today","content":"Ready to take the next step?","order":4}],"seo":{"title":"Menu | Amazing Pizza Place","description":"Amazing Pizza Place menu - Families","keywords":[]},"order":2},{"slug":"about","title":"About","description":"Learn about our about and how we can help you succeed","sections":[{"id":"hero","type":"hero","title":"About - Amazing Pizza Place","content":"Welcome to our about page. We're dedicated to delivering exceptional Restaurant.","order":1},{"id":"features","type":"features","title":"Key Features","content":"Discover what makes us unique","order":2},{"id":"content","type":"content","title":"Our Approach","content":"We combine innovation with reliability","order":3},{"id":"cta","type":"cta","title":"Get Started Today","content":"Ready to take the next step?","order":4}],"seo":{"title":"About | Amazing Pizza Place","description":"Amazing Pizza Place about - Families","keywords":[]},"order":3},{"slug":"contact","title":"Contact","description":"Learn about our contact and how we can help you succeed","sections":[{"id":"hero","type":"hero","title":"Contact - Amazing Pizza Place","content":"Welcome to our contact page. We're dedicated to delivering exceptional Restaurant.","order":1},{"id":"features","type":"features","title":"Key Features","content":"Discover what makes us unique","order":2},{"id":"content","type":"content","title":"Our Approach","content":"We combine innovation with reliability","order":3},{"id":"cta","type":"cta","title":"Get Started Today","content":"Ready to take the next step?","order":4}],"seo":{"title":"Contact | Amazing Pizza Place","description":"Amazing Pizza Place contact - Families","keywords":[]},"order":4}],"navigation":{"type":"header","sticky":true,"pages":[{"slug":"home","label":"Home","order":1},{"slug":"menu","label":"Menu","order":2},{"slug":"about","label":"About","order":3},{"slug":"contact","label":"Contact","order":4}]},"sharedComponents":{"header":"<header class=\"site-header\">Amazing Pizza Place</header>","footer":"<footer class=\"site-footer\">&copy; 2024 Amazing Pizza Place</footer>","navigation":"<nav class=\"site-nav\">Navigation</nav>"},"seoStrategy":{"primaryKeywords":["professional","services","business"],"secondaryKeywords":["quality","reliable","expert"],"contentGaps":[]},"designSystem":{"colors":{"primary":"#FF6B35","accent":"#F7931E","background":"#FFFFFF","text":"#1F2937"},"typography":{"headingFont":"Inter, sans-serif","bodyFont":"Inter, sans-serif","sizes":{"h1":"3rem","h2":"2rem","body":"1rem"}},"spacing":{"section":"4rem","element":"1.5rem"},"borderRadius":"0.5rem"}},"files":{"pages/home.html":{"path":"pages/home.html","type":"html","content":"PCFET0NUWVBFIGh0bWw+CjxodG1sIGxhbmc9ImVuIj4KPGhlYWQ+CiAgPG1ldGEgY2hhcnNldD0iVVRGLTgiPgogIDxtZXRhIG5hbWU9InZpZXdwb3J0IiBjb250ZW50PSJ3aWR0aD1kZXZpY2Utd2lkdGgsIGluaXRpYWwtc2NhbGU9MS4wIj4KICA8bWV0YSBuYW1lPSJkZXNjcmlwdGlvbiIgY29udGVudD0iQW1hemluZyBQaXp6YSBQbGFjZSBob21lIC0gRmFtaWxpZXMiPgogIDxtZXRhIG5hbWU9ImtleXdvcmRzIiBjb250ZW50PSIiPgogIDx0aXRsZT5Ib21lIHwgQW1hemluZyBQaXp6YSBQbGFjZTwvdGl0bGU+CiAgPGxpbmsgcmVsPSJzdHlsZXNoZWV0IiBocmVmPSIuL2Fzc2V0cy9zdHlsZXMvbWFpbi5jc3MiPgo8L2hlYWQ+Cjxib2R5PgogIDxoZWFkZXIgY2xhc3M9InNpdGUtaGVhZGVyIj5BbWF6aW5nIFBpenphIFBsYWNlPC9oZWFkZXI+CiAgPG5hdiBjbGFzcz0ic2l0ZS1uYXYiPk5hdmlnYXRpb248L25hdj4KICAKICA8bWFpbiBjbGFzcz0icGFnZS1ob21lIj4KICAgIAogICAgPHNlY3Rpb24gaWQ9Imhlcm8iIGNsYXNzPSJzZWN0aW9uLWhlcm8iPgogICAgICA8aDI+SG9tZSAtIEFtYXppbmcgUGl6emEgUGxhY2U8L2gyPgogICAgICA8cD5XZWxjb21lIHRvIG91ciBob21lIHBhZ2UuIFdlJ3JlIGRlZGljYXRlZCB0byBkZWxpdmVyaW5nIGV4Y2VwdGlvbmFsIFJlc3RhdXJhbnQuPC9wPgogICAgPC9zZWN0aW9uPgogICAgCiAgICAKICAgIDxzZWN0aW9uIGlkPSJmZWF0dXJlcyIgY2xhc3M9InNlY3Rpb24tZmVhdHVyZXMiPgogICAgICA8aDI+S2V5IEZlYXR1cmVzPC9oMj4KICAgICAgPHA+RGlzY292ZXIgd2hhdCBtYWtlcyB1cyB1bmlxdWU8L3A+CiAgICA8L3NlY3Rpb24+CiAgICAKICAgIAogICAgPHNlY3Rpb24gaWQ9ImNvbnRlbnQiIGNsYXNzPSJzZWN0aW9uLWNvbnRlbnQiPgogICAgICA8aDI+T3VyIEFwcHJvYWNoPC9oMj4KICAgICAgPHA+V2UgY29tYmluZSBpbm5vdmF0aW9uIHdpdGggcmVsaWFiaWxpdHk8L3A+CiAgICA8L3NlY3Rpb24+CiAgICAKICAgIAogICAgPHNlY3Rpb24gaWQ9ImN0YSIgY2xhc3M9InNlY3Rpb24tY3RhIj4KICAgICAgPGgyPkdldCBTdGFydGVkIFRvZGF5PC9oMj4KICAgICAgPHA+UmVhZHkgdG8gdGFrZSB0aGUgbmV4dCBzdGVwPzwvcD4KICAgIDwvc2VjdGlvbj4KICAgIAogIDwvbWFpbj4KICAKICA8Zm9vdGVyIGNsYXNzPSJzaXRlLWZvb3RlciI+JmNvcHk7IDIwMjQgQW1hemluZyBQaXp6YSBQbGFjZTwvZm9vdGVyPgogIDxzY3JpcHQgc3JjPSIuL2Fzc2V0cy9zY3JpcHRzL2FwcC5qcyI+PC9zY3JpcHQ+CjwvYm9keT4KPC9odG1sPg==","checksum":"1a7200b4d94bdfecde44e8b1a2c1afae"},"pages/menu.html":{"path":"pages/menu.html","type":"html","content":"PCFET0NUWVBFIGh0bWw+CjxodG1sIGxhbmc9ImVuIj4KPGhlYWQ+CiAgPG1ldGEgY2hhcnNldD0iVVRGLTgiPgogIDxtZXRhIG5hbWU9InZpZXdwb3J0IiBjb250ZW50PSJ3aWR0aD1kZXZpY2Utd2lkdGgsIGluaXRpYWwtc2NhbGU9MS4wIj4KICA8bWV0YSBuYW1lPSJkZXNjcmlwdGlvbiIgY29udGVudD0iQW1hemluZyBQaXp6YSBQbGFjZSBtZW51IC0gRmFtaWxpZXMiPgogIDxtZXRhIG5hbWU9ImtleXdvcmRzIiBjb250ZW50PSIiPgogIDx0aXRsZT5NZW51IHwgQW1hemluZyBQaXp6YSBQbGFjZTwvdGl0bGU+CiAgPGxpbmsgcmVsPSJzdHlsZXNoZWV0IiBocmVmPSIuL2Fzc2V0cy9zdHlsZXMvbWFpbi5jc3MiPgo8L2hlYWQ+Cjxib2R5PgogIDxoZWFkZXIgY2xhc3M9InNpdGUtaGVhZGVyIj5BbWF6aW5nIFBpenphIFBsYWNlPC9oZWFkZXI+CiAgPG5hdiBjbGFzcz0ic2l0ZS1uYXYiPk5hdmlnYXRpb248L25hdj4KICAKICA8bWFpbiBjbGFzcz0icGFnZS1tZW51Ij4KICAgIAogICAgPHNlY3Rpb24gaWQ9Imhlcm8iIGNsYXNzPSJzZWN0aW9uLWhlcm8iPgogICAgICA8aDI+TWVudSAtIEFtYXppbmcgUGl6emEgUGxhY2U8L2gyPgogICAgICA8cD5XZWxjb21lIHRvIG91ciBtZW51IHBhZ2UuIFdlJ3JlIGRlZGljYXRlZCB0byBkZWxpdmVyaW5nIGV4Y2VwdGlvbmFsIFJlc3RhdXJhbnQuPC9wPgogICAgPC9zZWN0aW9uPgogICAgCiAgICAKICAgIDxzZWN0aW9uIGlkPSJmZWF0dXJlcyIgY2xhc3M9InNlY3Rpb24tZmVhdHVyZXMiPgogICAgICA8aDI+S2V5IEZlYXR1cmVzPC9oMj4KICAgICAgPHA+RGlzY292ZXIgd2hhdCBtYWtlcyB1cyB1bmlxdWU8L3A+CiAgICA8L3NlY3Rpb24+CiAgICAKICAgIAogICAgPHNlY3Rpb24gaWQ9ImNvbnRlbnQiIGNsYXNzPSJzZWN0aW9uLWNvbnRlbnQiPgogICAgICA8aDI+T3VyIEFwcHJvYWNoPC9oMj4KICAgICAgPHA+V2UgY29tYmluZSBpbm5vdmF0aW9uIHdpdGggcmVsaWFiaWxpdHk8L3A+CiAgICA8L3NlY3Rpb24+CiAgICAKICAgIAogICAgPHNlY3Rpb24gaWQ9ImN0YSIgY2xhc3M9InNlY3Rpb24tY3RhIj4KICAgICAgPGgyPkdldCBTdGFydGVkIFRvZGF5PC9oMj4KICAgICAgPHA+UmVhZHkgdG8gdGFrZSB0aGUgbmV4dCBzdGVwPzwvcD4KICAgIDwvc2VjdGlvbj4KICAgIAogIDwvbWFpbj4KICAKICA8Zm9vdGVyIGNsYXNzPSJzaXRlLWZvb3RlciI+JmNvcHk7IDIwMjQgQW1hemluZyBQaXp6YSBQbGFjZTwvZm9vdGVyPgogIDxzY3JpcHQgc3JjPSIuL2Fzc2V0cy9zY3JpcHRzL2FwcC5qcyI+PC9zY3JpcHQ+CjwvYm9keT4KPC9odG1sPg==","checksum":"a9652ae789eb7a0cc7153ba3d692ac9f"},"pages/about.html":{"path":"pages/about.html","type":"html","content":"PCFET0NUWVBFIGh0bWw+CjxodG1sIGxhbmc9ImVuIj4KPGhlYWQ+CiAgPG1ldGEgY2hhcnNldD0iVVRGLTgiPgogIDxtZXRhIG5hbWU9InZpZXdwb3J0IiBjb250ZW50PSJ3aWR0aD1kZXZpY2Utd2lkdGgsIGluaXRpYWwtc2NhbGU9MS4wIj4KICA8bWV0YSBuYW1lPSJkZXNjcmlwdGlvbiIgY29udGVudD0iQW1hemluZyBQaXp6YSBQbGFjZSBhYm91dCAtIEZhbWlsaWVzIj4KICA8bWV0YSBuYW1lPSJrZXl3b3JkcyIgY29udGVudD0iIj4KICA8dGl0bGU+QWJvdXQgfCBBbWF6aW5nIFBpenphIFBsYWNlPC90aXRsZT4KICA8bGluayByZWw9InN0eWxlc2hlZXQiIGhyZWY9Ii4vYXNzZXRzL3N0eWxlcy9tYWluLmNzcyI+CjwvaGVhZD4KPGJvZHk+CiAgPGhlYWRlciBjbGFzcz0ic2l0ZS1oZWFkZXIiPkFtYXppbmcgUGl6emEgUGxhY2U8L2hlYWRlcj4KICA8bmF2IGNsYXNzPSJzaXRlLW5hdiI+TmF2aWdhdGlvbjwvbmF2PgogIAogIDxtYWluIGNsYXNzPSJwYWdlLWFib3V0Ij4KICAgIAogICAgPHNlY3Rpb24gaWQ9Imhlcm8iIGNsYXNzPSJzZWN0aW9uLWhlcm8iPgogICAgICA8aDI+QWJvdXQgLSBBbWF6aW5nIFBpenphIFBsYWNlPC9oMj4KICAgICAgPHA+V2VsY29tZSB0byBvdXIgYWJvdXQgcGFnZS4gV2UncmUgZGVkaWNhdGVkIHRvIGRlbGl2ZXJpbmcgZXhjZXB0aW9uYWwgUmVzdGF1cmFudC48L3A+CiAgICA8L3NlY3Rpb24+CiAgICAKICAgIAogICAgPHNlY3Rpb24gaWQ9ImZlYXR1cmVzIiBjbGFzcz0ic2VjdGlvbi1mZWF0dXJlcyI+CiAgICAgIDxoMj5LZXkgRmVhdHVyZXM8L2gyPgogICAgICA8cD5EaXNjb3ZlciB3aGF0IG1ha2VzIHVzIHVuaXF1ZTwvcD4KICAgIDwvc2VjdGlvbj4KICAgIAogICAgCiAgICA8c2VjdGlvbiBpZD0iY29udGVudCIgY2xhc3M9InNlY3Rpb24tY29udGVudCI+CiAgICAgIDxoMj5PdXIgQXBwcm9hY2g8L2gyPgogICAgICA8cD5XZSBjb21iaW5lIGlubm92YXRpb24gd2l0aCByZWxpYWJpbGl0eTwvcD4KICAgIDwvc2VjdGlvbj4KICAgIAogICAgCiAgICA8c2VjdGlvbiBpZD0iY3RhIiBjbGFzcz0ic2VjdGlvbi1jdGEiPgogICAgICA8aDI+R2V0IFN0YXJ0ZWQgVG9kYXk8L2gyPgogICAgICA8cD5SZWFkeSB0byB0YWtlIHRoZSBuZXh0IHN0ZXA/PC9wPgogICAgPC9zZWN0aW9uPgogICAgCiAgPC9tYWluPgogIAogIDxmb290ZXIgY2xhc3M9InNpdGUtZm9vdGVyIj4mY29weTsgMjAyNCBBbWF6aW5nIFBpenphIFBsYWNlPC9mb290ZXI+CiAgPHNjcmlwdCBzcmM9Ii4vYXNzZXRzL3NjcmlwdHMvYXBwLmpzIj48L3NjcmlwdD4KPC9ib2R5Pgo8L2h0bWw+","checksum":"c4aa2e9e40ee19fab8bc61eecde6cfb6"},"pages/contact.html":{"path":"pages/contact.html","type":"html","content":"PCFET0NUWVBFIGh0bWw+CjxodG1sIGxhbmc9ImVuIj4KPGhlYWQ+CiAgPG1ldGEgY2hhcnNldD0iVVRGLTgiPgogIDxtZXRhIG5hbWU9InZpZXdwb3J0IiBjb250ZW50PSJ3aWR0aD1kZXZpY2Utd2lkdGgsIGluaXRpYWwtc2NhbGU9MS4wIj4KICA8bWV0YSBuYW1lPSJkZXNjcmlwdGlvbiIgY29udGVudD0iQW1hemluZyBQaXp6YSBQbGFjZSBjb250YWN0IC0gRmFtaWxpZXMiPgogIDxtZXRhIG5hbWU9ImtleXdvcmRzIiBjb250ZW50PSIiPgogIDx0aXRsZT5Db250YWN0IHwgQW1hemluZyBQaXp6YSBQbGFjZTwvdGl0bGU+CiAgPGxpbmsgcmVsPSJzdHlsZXNoZWV0IiBocmVmPSIuL2Fzc2V0cy9zdHlsZXMvbWFpbi5jc3MiPgo8L2hlYWQ+Cjxib2R5PgogIDxoZWFkZXIgY2xhc3M9InNpdGUtaGVhZGVyIj5BbWF6aW5nIFBpenphIFBsYWNlPC9oZWFkZXI+CiAgPG5hdiBjbGFzcz0ic2l0ZS1uYXYiPk5hdmlnYXRpb248L25hdj4KICAKICA8bWFpbiBjbGFzcz0icGFnZS1jb250YWN0Ij4KICAgIAogICAgPHNlY3Rpb24gaWQ9Imhlcm8iIGNsYXNzPSJzZWN0aW9uLWhlcm8iPgogICAgICA8aDI+Q29udGFjdCAtIEFtYXppbmcgUGl6emEgUGxhY2U8L2gyPgogICAgICA8cD5XZWxjb21lIHRvIG91ciBjb250YWN0IHBhZ2UuIFdlJ3JlIGRlZGljYXRlZCB0byBkZWxpdmVyaW5nIGV4Y2VwdGlvbmFsIFJlc3RhdXJhbnQuPC9wPgogICAgPC9zZWN0aW9uPgogICAgCiAgICAKICAgIDxzZWN0aW9uIGlkPSJmZWF0dXJlcyIgY2xhc3M9InNlY3Rpb24tZmVhdHVyZXMiPgogICAgICA8aDI+S2V5IEZlYXR1cmVzPC9oMj4KICAgICAgPHA+RGlzY292ZXIgd2hhdCBtYWtlcyB1cyB1bmlxdWU8L3A+CiAgICA8L3NlY3Rpb24+CiAgICAKICAgIAogICAgPHNlY3Rpb24gaWQ9ImNvbnRlbnQiIGNsYXNzPSJzZWN0aW9uLWNvbnRlbnQiPgogICAgICA8aDI+T3VyIEFwcHJvYWNoPC9oMj4KICAgICAgPHA+V2UgY29tYmluZSBpbm5vdmF0aW9uIHdpdGggcmVsaWFiaWxpdHk8L3A+CiAgICA8L3NlY3Rpb24+CiAgICAKICAgIAogICAgPHNlY3Rpb24gaWQ9ImN0YSIgY2xhc3M9InNlY3Rpb24tY3RhIj4KICAgICAgPGgyPkdldCBTdGFydGVkIFRvZGF5PC9oMj4KICAgICAgPHA+UmVhZHkgdG8gdGFrZSB0aGUgbmV4dCBzdGVwPzwvcD4KICAgIDwvc2VjdGlvbj4KICAgIAogIDwvbWFpbj4KICAKICA8Zm9vdGVyIGNsYXNzPSJzaXRlLWZvb3RlciI+JmNvcHk7IDIwMjQgQW1hemluZyBQaXp6YSBQbGFjZTwvZm9vdGVyPgogIDxzY3JpcHQgc3JjPSIuL2Fzc2V0cy9zY3JpcHRzL2FwcC5qcyI+PC9zY3JpcHQ+CjwvYm9keT4KPC9odG1sPg==","checksum":"26aec51eb966bc7c059f7f6d90584e2b"},"assets/styles/main.css":{"path":"assets/styles/main.css","type":"css","content":"LyogUHJvZmVzc2lvbmFsIERlc2lnbiBTeXN0ZW0gLSBHZW5lcmF0ZWQgZm9yIEFJIFdlYnNpdGUgQnVpbGRlciAqLwoKLyogQ1NTIFZhcmlhYmxlcyAqLwo6cm9vdCB7CiAgLyogQ29sb3JzIC0gTGlnaHQgTW9kZSAqLwogIC0tYmFja2dyb3VuZDogI2ZmZmZmZjsKICAtLWZvcmVncm91bmQ6ICMwYTBhMGE7CiAgLS1wcmltYXJ5OiAjRkY2QjM1OwogIC0tcHJpbWFyeS1mb3JlZ3JvdW5kOiAjZmZmZmZmOwogIC0tc2Vjb25kYXJ5OiAjZjVmNWY1OwogIC0tc2Vjb25kYXJ5LWZvcmVncm91bmQ6ICMxNzE3MTc7CiAgLS1hY2NlbnQ6ICNGNzkzMUU7CiAgLS1hY2NlbnQtZm9yZWdyb3VuZDogI2ZmZmZmZjsKICAtLW11dGVkOiAjZjVmNWY1OwogIC0tbXV0ZWQtZm9yZWdyb3VuZDogIzczNzM3MzsKICAtLWJvcmRlcjogI2U1ZTVlNTsKICAKICAvKiBUeXBvZ3JhcGh5ICovCiAgLS1mb250LXNhbnM6ICdJbnRlcicsIC1hcHBsZS1zeXN0ZW0sIEJsaW5rTWFjU3lzdGVtRm9udCwgJ1NlZ29lIFVJJywgc2Fucy1zZXJpZjsKICAtLWZvbnQtc2VyaWY6ICdHZW9yZ2lhJywgJ1RpbWVzIE5ldyBSb21hbicsIHNlcmlmOwogIC0tZm9udC1tb25vOiAnTWVubG8nLCAnTW9uYWNvJywgJ0NvdXJpZXIgTmV3JywgbW9ub3NwYWNlOwogIAogIC8qIFNwYWNpbmcgKi8KICAtLXNlY3Rpb24tc3BhY2luZzogNXJlbTsKICAtLWNvbnRhaW5lci13aWR0aDogMTI4MHB4OwogIC0tY2FyZC1wYWRkaW5nOiAxLjVyZW07CiAgCiAgLyogUmFkaXVzICovCiAgLS1yYWRpdXMtc206IDAuMzc1cmVtOwogIC0tcmFkaXVzLW1kOiAwLjVyZW07CiAgLS1yYWRpdXMtbGc6IDAuNzVyZW07CiAgLS1yYWRpdXMteGw6IDFyZW07Cn0KCkBtZWRpYSAocHJlZmVycy1jb2xvci1zY2hlbWU6IGRhcmspIHsKICA6cm9vdCB7CiAgICAtLWJhY2tncm91bmQ6ICMwYTBhMGE7CiAgICAtLWZvcmVncm91bmQ6ICNmYWZhZmE7CiAgICAtLXByaW1hcnk6ICNGRjZCMzU7CiAgICAtLXByaW1hcnktZm9yZWdyb3VuZDogI2ZmZmZmZjsKICAgIC0tc2Vjb25kYXJ5OiAjMWExYTFhOwogICAgLS1zZWNvbmRhcnktZm9yZWdyb3VuZDogI2U1ZTVlNTsKICAgIC0tYWNjZW50OiAjRjc5MzFFOwogICAgLS1hY2NlbnQtZm9yZWdyb3VuZDogI2ZmZmZmZjsKICAgIC0tbXV0ZWQ6ICMyNjI2MjY7CiAgICAtLW11dGVkLWZvcmVncm91bmQ6ICNhM2EzYTM7CiAgICAtLWJvcmRlcjogIzI2MjYyNjsKICB9Cn0KCi8qIFJlc2V0ICYgQmFzZSAqLwoqIHsKICBtYXJnaW46IDA7CiAgcGFkZGluZzogMDsKICBib3gtc2l6aW5nOiBib3JkZXItYm94Owp9CgpodG1sIHsKICBzY3JvbGwtYmVoYXZpb3I6IHNtb290aDsKICAtd2Via2l0LWZvbnQtc21vb3RoaW5nOiBhbnRpYWxpYXNlZDsKICAtbW96LW9zeC1mb250LXNtb290aGluZzogZ3JheXNjYWxlOwp9Cgpib2R5IHsKICBmb250LWZhbWlseTogdmFyKC0tZm9udC1zYW5zKTsKICBmb250LXNpemU6IDFyZW07CiAgbGluZS1oZWlnaHQ6IDEuNjsKICBjb2xvcjogdmFyKC0tZm9yZWdyb3VuZCk7CiAgYmFja2dyb3VuZC1jb2xvcjogdmFyKC0tYmFja2dyb3VuZCk7Cn0KCi8qIFR5cG9ncmFwaHkgKi8KaDEsIGgyLCBoMywgaDQsIGg1LCBoNiB7CiAgZm9udC13ZWlnaHQ6IDYwMDsKICBsaW5lLWhlaWdodDogMS4yOwogIGxldHRlci1zcGFjaW5nOiAtMC4wMmVtOwp9CgpoMSB7IGZvbnQtc2l6ZTogMy43NXJlbTsgfQpoMiB7IGZvbnQtc2l6ZTogMi4yNXJlbTsgfQpoMyB7IGZvbnQtc2l6ZTogMS44NzVyZW07IH0KaDQgeyBmb250LXNpemU6IDEuNXJlbTsgfQpoNSB7IGZvbnQtc2l6ZTogMS4yNXJlbTsgfQpoNiB7IGZvbnQtc2l6ZTogMS4xMjVyZW07IH0KCnAgewogIG1hcmdpbi1ib3R0b206IDFyZW07Cn0KCmEgewogIGNvbG9yOiB2YXIoLS1wcmltYXJ5KTsKICB0ZXh0LWRlY29yYXRpb246IG5vbmU7CiAgdHJhbnNpdGlvbjogb3BhY2l0eSAwLjJzOwp9CgphOmhvdmVyIHsKICBvcGFjaXR5OiAwLjg7Cn0KCi8qIENvbnRhaW5lciAqLwouY29udGFpbmVyIHsKICB3aWR0aDogMTAwJTsKICBtYXgtd2lkdGg6IHZhcigtLWNvbnRhaW5lci13aWR0aCk7CiAgbWFyZ2luOiAwIGF1dG87CiAgcGFkZGluZzogMCAycmVtOwp9CgouY29udGFpbmVyLW5hcnJvdyB7CiAgd2lkdGg6IDEwMCU7CiAgbWF4LXdpZHRoOiA3MjBweDsKICBtYXJnaW46IDAgYXV0bzsKICBwYWRkaW5nOiAwIDJyZW07Cn0KCi8qIEJ1dHRvbnMgKi8KLmJ0bi1wcmltYXJ5IHsKICBkaXNwbGF5OiBpbmxpbmUtZmxleDsKICBhbGlnbi1pdGVtczogY2VudGVyOwogIGp1c3RpZnktY29udGVudDogY2VudGVyOwogIHBhZGRpbmc6IDAuODc1cmVtIDJyZW07CiAgZm9udC1zaXplOiAxcmVtOwogIGZvbnQtd2VpZ2h0OiA1MDA7CiAgY29sb3I6IHZhcigtLXByaW1hcnktZm9yZWdyb3VuZCk7CiAgYmFja2dyb3VuZC1jb2xvcjogdmFyKC0tcHJpbWFyeSk7CiAgYm9yZGVyOiBub25lOwogIGJvcmRlci1yYWRpdXM6IHZhcigtLXJhZGl1cy1tZCk7CiAgY3Vyc29yOiBwb2ludGVyOwogIHRyYW5zaXRpb246IHRyYW5zZm9ybSAwLjJzLCBib3gtc2hhZG93IDAuMnM7Cn0KCi5idG4tcHJpbWFyeTpob3ZlciB7CiAgdHJhbnNmb3JtOiB0cmFuc2xhdGVZKC0ycHgpOwogIGJveC1zaGFkb3c6IDAgMTBweCAyNXB4IHJnYmEoMCwgMCwgMCwgMC4xNSk7Cn0KCi5idG4tcHJpbWFyeS1sYXJnZSB7CiAgcGFkZGluZzogMS4xMjVyZW0gMi41cmVtOwogIGZvbnQtc2l6ZTogMS4xMjVyZW07Cn0KCi5idG4tc2Vjb25kYXJ5IHsKICBkaXNwbGF5OiBpbmxpbmUtZmxleDsKICBhbGlnbi1pdGVtczogY2VudGVyOwogIGp1c3RpZnktY29udGVudDogY2VudGVyOwogIHBhZGRpbmc6IDAuODc1cmVtIDJyZW07CiAgZm9udC1zaXplOiAxcmVtOwogIGZvbnQtd2VpZ2h0OiA1MDA7CiAgY29sb3I6IHZhcigtLWZvcmVncm91bmQpOwogIGJhY2tncm91bmQtY29sb3I6IHRyYW5zcGFyZW50OwogIGJvcmRlcjogMnB4IHNvbGlkIHZhcigtLWJvcmRlcik7CiAgYm9yZGVyLXJhZGl1czogdmFyKC0tcmFkaXVzLW1kKTsKICBjdXJzb3I6IHBvaW50ZXI7CiAgdHJhbnNpdGlvbjogYWxsIDAuMnM7Cn0KCi5idG4tc2Vjb25kYXJ5OmhvdmVyIHsKICBiYWNrZ3JvdW5kLWNvbG9yOiB2YXIoLS1tdXRlZCk7CiAgYm9yZGVyLWNvbG9yOiB2YXIoLS1mb3JlZ3JvdW5kKTsKfQoKLmJ0bi1nbGFzcyB7CiAgZGlzcGxheTogaW5saW5lLWZsZXg7CiAgYWxpZ24taXRlbXM6IGNlbnRlcjsKICBqdXN0aWZ5LWNvbnRlbnQ6IGNlbnRlcjsKICBwYWRkaW5nOiAwLjg3NXJlbSAycmVtOwogIGZvbnQtc2l6ZTogMXJlbTsKICBmb250LXdlaWdodDogNTAwOwogIGNvbG9yOiB3aGl0ZTsKICBiYWNrZ3JvdW5kOiByZ2JhKDI1NSwgMjU1LCAyNTUsIDAuMSk7CiAgYmFja2Ryb3AtZmlsdGVyOiBibHVyKDEwcHgpOwogIGJvcmRlcjogMXB4IHNvbGlkIHJnYmEoMjU1LCAyNTUsIDI1NSwgMC4yKTsKICBib3JkZXItcmFkaXVzOiB2YXIoLS1yYWRpdXMtbWQpOwogIGN1cnNvcjogcG9pbnRlcjsKICB0cmFuc2l0aW9uOiBhbGwgMC4yczsKfQoKLmJ0bi1nbGFzczpob3ZlciB7CiAgYmFja2dyb3VuZDogcmdiYSgyNTUsIDI1NSwgMjU1LCAwLjIpOwp9CgovKiBTZWN0aW9uIFNwYWNpbmcgKi8Kc2VjdGlvbiB7CiAgcGFkZGluZzogdmFyKC0tc2VjdGlvbi1zcGFjaW5nKSAwOwp9Cgouc2VjdGlvbi10aXRsZSB7CiAgZm9udC1zaXplOiAyLjI1cmVtOwogIGZvbnQtd2VpZ2h0OiA2MDA7CiAgdGV4dC1hbGlnbjogY2VudGVyOwogIG1hcmdpbi1ib3R0b206IDFyZW07Cn0KCi5zZWN0aW9uLWRlc2NyaXB0aW9uIHsKICBmb250LXNpemU6IDEuMTI1cmVtOwogIGNvbG9yOiB2YXIoLS1tdXRlZC1mb3JlZ3JvdW5kKTsKICB0ZXh0LWFsaWduOiBjZW50ZXI7CiAgbWF4LXdpZHRoOiA2NDBweDsKICBtYXJnaW46IDAgYXV0byAzcmVtOwp9CgovKiBIZXJvIFNlY3Rpb25zICovCi5oZXJvLW1vZGVybiB7CiAgcG9zaXRpb246IHJlbGF0aXZlOwogIG1pbi1oZWlnaHQ6IDEwMHZoOwogIGRpc3BsYXk6IGZsZXg7CiAgYWxpZ24taXRlbXM6IGNlbnRlcjsKICBqdXN0aWZ5LWNvbnRlbnQ6IGNlbnRlcjsKICBvdmVyZmxvdzogaGlkZGVuOwp9CgouaGVyby1ncmFkaWVudCB7CiAgcG9zaXRpb246IGFic29sdXRlOwogIHRvcDogMDsKICBsZWZ0OiAwOwogIHJpZ2h0OiAwOwogIGJvdHRvbTogMDsKICBiYWNrZ3JvdW5kOiBsaW5lYXItZ3JhZGllbnQoMTM1ZGVnLCB2YXIoLS1wcmltYXJ5KSAwJSwgdmFyKC0tYWNjZW50KSAxMDAlKTsKICBvcGFjaXR5OiAwLjk1Owp9CgouaGVyby1jb250ZW50IHsKICBwb3NpdGlvbjogcmVsYXRpdmU7CiAgei1pbmRleDogMTsKICB0ZXh0LWFsaWduOiBjZW50ZXI7CiAgY29sb3I6IHdoaXRlOwogIG1heC13aWR0aDogOTAwcHg7CiAgcGFkZGluZzogMCAycmVtOwp9CgouaGVyby10aXRsZSB7CiAgZm9udC1zaXplOiBjbGFtcCgyLjVyZW0sIDh2dywgNXJlbSk7CiAgZm9udC13ZWlnaHQ6IDcwMDsKICBtYXJnaW4tYm90dG9tOiAxLjVyZW07CiAgbGV0dGVyLXNwYWNpbmc6IC0wLjAzZW07Cn0KCi5oZXJvLXN1YnRpdGxlIHsKICBmb250LXNpemU6IGNsYW1wKDEuMTI1cmVtLCAzdncsIDEuNXJlbSk7CiAgbWFyZ2luLWJvdHRvbTogMi41cmVtOwogIG9wYWNpdHk6IDAuOTU7Cn0KCi5oZXJvLWN0YSB7CiAgZGlzcGxheTogZmxleDsKICBnYXA6IDFyZW07CiAganVzdGlmeS1jb250ZW50OiBjZW50ZXI7CiAgZmxleC13cmFwOiB3cmFwOwp9CgouaGVyby1taW5pbWFsIHsKICBwYWRkaW5nOiA4cmVtIDA7CiAgdGV4dC1hbGlnbjogY2VudGVyOwp9CgouaGVyby10aXRsZS1taW5pbWFsIHsKICBmb250LXNpemU6IGNsYW1wKDIuNXJlbSwgNnZ3LCA0cmVtKTsKICBmb250LXdlaWdodDogNzAwOwogIG1hcmdpbi1ib3R0b206IDEuNXJlbTsKfQoKLmhlcm8tZGVzY3JpcHRpb24gewogIGZvbnQtc2l6ZTogMS4yNXJlbTsKICBjb2xvcjogdmFyKC0tbXV0ZWQtZm9yZWdyb3VuZCk7CiAgbWFyZ2luLWJvdHRvbTogMi41cmVtOwogIG1heC13aWR0aDogNjAwcHg7CiAgbWFyZ2luLWxlZnQ6IGF1dG87CiAgbWFyZ2luLXJpZ2h0OiBhdXRvOwp9CgouaGVyby12aXN1YWwgewogIHBvc2l0aW9uOiByZWxhdGl2ZTsKICBtaW4taGVpZ2h0OiAxMDB2aDsKICBkaXNwbGF5OiBmbGV4OwogIGFsaWduLWl0ZW1zOiBjZW50ZXI7CiAganVzdGlmeS1jb250ZW50OiBjZW50ZXI7CiAgY29sb3I6IHdoaXRlOwp9CgouaGVyby1tZWRpYSB7CiAgcG9zaXRpb246IGFic29sdXRlOwogIHRvcDogMDsKICBsZWZ0OiAwOwogIHJpZ2h0OiAwOwogIGJvdHRvbTogMDsKICBiYWNrZ3JvdW5kOiBsaW5lYXItZ3JhZGllbnQoMTM1ZGVnLCB2YXIoLS1wcmltYXJ5KSAwJSwgdmFyKC0tYWNjZW50KSAxMDAlKTsKfQoKLmhlcm8tb3ZlcmxheSB7CiAgcG9zaXRpb246IGFic29sdXRlOwogIHRvcDogMDsKICBsZWZ0OiAwOwogIHJpZ2h0OiAwOwogIGJvdHRvbTogMDsKICBiYWNrZ3JvdW5kOiByZ2JhKDAsIDAsIDAsIDAuNCk7Cn0KCi5oZXJvLXZpc3VhbC1jb250ZW50IHsKICBwb3NpdGlvbjogcmVsYXRpdmU7CiAgei1pbmRleDogMTsKICB0ZXh0LWFsaWduOiBjZW50ZXI7CiAgbWF4LXdpZHRoOiA4MDBweDsKICBwYWRkaW5nOiAwIDJyZW07Cn0KCi5oZXJvLXZpc3VhbC10aXRsZSB7CiAgZm9udC1zaXplOiBjbGFtcCgyLjVyZW0sIDh2dywgNXJlbSk7CiAgZm9udC13ZWlnaHQ6IDcwMDsKICBtYXJnaW4tYm90dG9tOiAxLjVyZW07Cn0KCi5oZXJvLXZpc3VhbC1zdWJ0aXRsZSB7CiAgZm9udC1zaXplOiBjbGFtcCgxLjEyNXJlbSwgM3Z3LCAxLjVyZW0pOwogIG1hcmdpbi1ib3R0b206IDIuNXJlbTsKfQoKLyogRmVhdHVyZXMgU2VjdGlvbiAqLwouZmVhdHVyZXMtc2VjdGlvbiB7CiAgYmFja2dyb3VuZC1jb2xvcjogdmFyKC0tbXV0ZWQpOwp9CgouZmVhdHVyZXMtZ3JpZCB7CiAgZGlzcGxheTogZ3JpZDsKICBncmlkLXRlbXBsYXRlLWNvbHVtbnM6IHJlcGVhdChhdXRvLWZpdCwgbWlubWF4KDMwMHB4LCAxZnIpKTsKICBnYXA6IDJyZW07CiAgbWFyZ2luLXRvcDogM3JlbTsKfQoKLmZlYXR1cmUtY2FyZCB7CiAgcGFkZGluZzogMnJlbTsKICBiYWNrZ3JvdW5kLWNvbG9yOiB2YXIoLS1iYWNrZ3JvdW5kKTsKICBib3JkZXItcmFkaXVzOiB2YXIoLS1yYWRpdXMtbGcpOwogIGJvcmRlcjogMXB4IHNvbGlkIHZhcigtLWJvcmRlcik7CiAgdHJhbnNpdGlvbjogdHJhbnNmb3JtIDAuMnMsIGJveC1zaGFkb3cgMC4yczsKfQoKLmZlYXR1cmUtY2FyZDpob3ZlciB7CiAgdHJhbnNmb3JtOiB0cmFuc2xhdGVZKC00cHgpOwogIGJveC1zaGFkb3c6IDAgMTBweCAzMHB4IHJnYmEoMCwgMCwgMCwgMC4xKTsKfQoKLmZlYXR1cmUtaWNvbiB7CiAgd2lkdGg6IDNyZW07CiAgaGVpZ2h0OiAzcmVtOwogIGRpc3BsYXk6IGZsZXg7CiAgYWxpZ24taXRlbXM6IGNlbnRlcjsKICBqdXN0aWZ5LWNvbnRlbnQ6IGNlbnRlcjsKICBiYWNrZ3JvdW5kLWNvbG9yOiB2YXIoLS1wcmltYXJ5KTsKICBjb2xvcjogdmFyKC0tcHJpbWFyeS1mb3JlZ3JvdW5kKTsKICBib3JkZXItcmFkaXVzOiB2YXIoLS1yYWRpdXMtbWQpOwogIGZvbnQtc2l6ZTogMS41cmVtOwogIG1hcmdpbi1ib3R0b206IDEuNXJlbTsKfQoKLmZlYXR1cmUtdGl0bGUgewogIGZvbnQtc2l6ZTogMS4yNXJlbTsKICBmb250LXdlaWdodDogNjAwOwogIG1hcmdpbi1ib3R0b206IDAuNzVyZW07Cn0KCi5mZWF0dXJlLWRlc2NyaXB0aW9uIHsKICBjb2xvcjogdmFyKC0tbXV0ZWQtZm9yZWdyb3VuZCk7Cn0KCi8qIEJlbnRvIEdyaWQgKi8KLmZlYXR1cmVzLWJlbnRvIHsKICBiYWNrZ3JvdW5kLWNvbG9yOiB2YXIoLS1iYWNrZ3JvdW5kKTsKfQoKLmJlbnRvLWdyaWQgewogIGRpc3BsYXk6IGdyaWQ7CiAgZ3JpZC10ZW1wbGF0ZS1jb2x1bW5zOiByZXBlYXQoNCwgMWZyKTsKICBnYXA6IDFyZW07CiAgbWFyZ2luLXRvcDogM3JlbTsKfQoKLmJlbnRvLWxhcmdlIHsKICBncmlkLWNvbHVtbjogc3BhbiAyOwogIGdyaWQtcm93OiBzcGFuIDI7CiAgcGFkZGluZzogM3JlbTsKICBiYWNrZ3JvdW5kOiBsaW5lYXItZ3JhZGllbnQoMTM1ZGVnLCB2YXIoLS1wcmltYXJ5KSAwJSwgdmFyKC0tYWNjZW50KSAxMDAlKTsKICBjb2xvcjogd2hpdGU7CiAgYm9yZGVyLXJhZGl1czogdmFyKC0tcmFkaXVzLXhsKTsKfQoKLmJlbnRvLXNtYWxsIHsKICBwYWRkaW5nOiAycmVtOwogIGJhY2tncm91bmQtY29sb3I6IHZhcigtLW11dGVkKTsKICBib3JkZXItcmFkaXVzOiB2YXIoLS1yYWRpdXMtbGcpOwp9CgouYmVudG8tbWVkaXVtIHsKICBncmlkLWNvbHVtbjogc3BhbiAyOwogIHBhZGRpbmc6IDJyZW07CiAgYmFja2dyb3VuZC1jb2xvcjogdmFyKC0tc2Vjb25kYXJ5KTsKICBib3JkZXItcmFkaXVzOiB2YXIoLS1yYWRpdXMtbGcpOwp9CgovKiBTZXJ2aWNlcyBTZWN0aW9uICovCi5zZXJ2aWNlcy1ncmlkIHsKICBkaXNwbGF5OiBncmlkOwogIGdyaWQtdGVtcGxhdGUtY29sdW1uczogcmVwZWF0KGF1dG8tZml0LCBtaW5tYXgoMzIwcHgsIDFmcikpOwogIGdhcDogMnJlbTsKICBtYXJnaW4tdG9wOiAzcmVtOwp9Cgouc2VydmljZS1jYXJkIHsKICBwYWRkaW5nOiAyLjVyZW07CiAgYmFja2dyb3VuZC1jb2xvcjogdmFyKC0tYmFja2dyb3VuZCk7CiAgYm9yZGVyOiAycHggc29saWQgdmFyKC0tYm9yZGVyKTsKICBib3JkZXItcmFkaXVzOiB2YXIoLS1yYWRpdXMtbGcpOwogIHRyYW5zaXRpb246IGJvcmRlci1jb2xvciAwLjJzOwp9Cgouc2VydmljZS1jYXJkOmhvdmVyIHsKICBib3JkZXItY29sb3I6IHZhcigtLXByaW1hcnkpOwp9Cgouc2VydmljZS1udW1iZXIgewogIGRpc3BsYXk6IGlubGluZS1ibG9jazsKICB3aWR0aDogM3JlbTsKICBoZWlnaHQ6IDNyZW07CiAgbGluZS1oZWlnaHQ6IDNyZW07CiAgdGV4dC1hbGlnbjogY2VudGVyOwogIGJhY2tncm91bmQtY29sb3I6IHZhcigtLXByaW1hcnkpOwogIGNvbG9yOiB2YXIoLS1wcmltYXJ5LWZvcmVncm91bmQpOwogIGJvcmRlci1yYWRpdXM6IDUwJTsKICBmb250LXdlaWdodDogNjAwOwogIG1hcmdpbi1ib3R0b206IDEuNXJlbTsKfQoKLnNlcnZpY2UtdGl0bGUgewogIGZvbnQtc2l6ZTogMS41cmVtOwogIGZvbnQtd2VpZ2h0OiA2MDA7CiAgbWFyZ2luLWJvdHRvbTogMXJlbTsKfQoKLnNlcnZpY2UtZGVzY3JpcHRpb24gewogIGNvbG9yOiB2YXIoLS1tdXRlZC1mb3JlZ3JvdW5kKTsKICBtYXJnaW4tYm90dG9tOiAxLjVyZW07Cn0KCi5zZXJ2aWNlLWxpbmsgewogIGNvbG9yOiB2YXIoLS1wcmltYXJ5KTsKICBmb250LXdlaWdodDogNTAwOwogIGRpc3BsYXk6IGlubGluZS1mbGV4OwogIGFsaWduLWl0ZW1zOiBjZW50ZXI7CiAgZ2FwOiAwLjVyZW07Cn0KCi8qIEFsdGVybmF0aW5nIFNlcnZpY2VzICovCi5zZXJ2aWNlcy1hbHRlcm5hdGluZyAuc2VydmljZS1yb3cgewogIGRpc3BsYXk6IGdyaWQ7CiAgZ3JpZC10ZW1wbGF0ZS1jb2x1bW5zOiAxZnIgMWZyOwogIGdhcDogNHJlbTsKICBhbGlnbi1pdGVtczogY2VudGVyOwogIG1hcmdpbi1ib3R0b206IDZyZW07Cn0KCi5zZXJ2aWNlcy1hbHRlcm5hdGluZyAuc2VydmljZS1yb3cucmV2ZXJzZSB7CiAgZGlyZWN0aW9uOiBydGw7Cn0KCi5zZXJ2aWNlcy1hbHRlcm5hdGluZyAuc2VydmljZS1yb3cucmV2ZXJzZSA+ICogewogIGRpcmVjdGlvbjogbHRyOwp9Cgouc2VydmljZS10aXRsZS1sYXJnZSB7CiAgZm9udC1zaXplOiAxLjg3NXJlbTsKICBtYXJnaW4tYm90dG9tOiAxcmVtOwp9Cgouc2VydmljZS1kZXNjcmlwdGlvbi1sYXJnZSB7CiAgZm9udC1zaXplOiAxLjEyNXJlbTsKICBjb2xvcjogdmFyKC0tbXV0ZWQtZm9yZWdyb3VuZCk7CiAgbWFyZ2luLWJvdHRvbTogMS41cmVtOwp9Cgouc2VydmljZS1mZWF0dXJlcyB7CiAgbGlzdC1zdHlsZTogbm9uZTsKICBwYWRkaW5nOiAwOwp9Cgouc2VydmljZS1mZWF0dXJlcyBsaSB7CiAgcGFkZGluZy1sZWZ0OiAxLjVyZW07CiAgcG9zaXRpb246IHJlbGF0aXZlOwogIG1hcmdpbi1ib3R0b206IDAuNzVyZW07Cn0KCi5zZXJ2aWNlLWZlYXR1cmVzIGxpOmJlZm9yZSB7CiAgY29udGVudDogJ+Kckyc7CiAgcG9zaXRpb246IGFic29sdXRlOwogIGxlZnQ6IDA7CiAgY29sb3I6IHZhcigtLXByaW1hcnkpOwogIGZvbnQtd2VpZ2h0OiBib2xkOwp9Cgouc2VydmljZS12aXN1YWwgewogIGFzcGVjdC1yYXRpbzogNC8zOwogIGJvcmRlci1yYWRpdXM6IHZhcigtLXJhZGl1cy14bCk7CiAgb3ZlcmZsb3c6IGhpZGRlbjsKfQoKLnNlcnZpY2UtcGxhY2Vob2xkZXIgewogIHdpZHRoOiAxMDAlOwogIGhlaWdodDogMTAwJTsKICBiYWNrZ3JvdW5kOiBsaW5lYXItZ3JhZGllbnQoMTM1ZGVnLCB2YXIoLS1wcmltYXJ5KSAwJSwgdmFyKC0tYWNjZW50KSAxMDAlKTsKfQoKLyogVGVzdGltb25pYWxzICovCi50ZXN0aW1vbmlhbHMtZ3JpZCB7CiAgZGlzcGxheTogZ3JpZDsKICBncmlkLXRlbXBsYXRlLWNvbHVtbnM6IHJlcGVhdChhdXRvLWZpdCwgbWlubWF4KDM0MHB4LCAxZnIpKTsKICBnYXA6IDJyZW07CiAgbWFyZ2luLXRvcDogM3JlbTsKfQoKLnRlc3RpbW9uaWFsLWNhcmQgewogIHBhZGRpbmc6IDJyZW07CiAgYmFja2dyb3VuZC1jb2xvcjogdmFyKC0tYmFja2dyb3VuZCk7CiAgYm9yZGVyOiAxcHggc29saWQgdmFyKC0tYm9yZGVyKTsKICBib3JkZXItcmFkaXVzOiB2YXIoLS1yYWRpdXMtbGcpOwp9CgoudGVzdGltb25pYWwtcXVvdGUgewogIGZvbnQtc2l6ZTogMS4xMjVyZW07CiAgbGluZS1oZWlnaHQ6IDEuNjsKICBtYXJnaW4tYm90dG9tOiAxLjVyZW07CiAgY29sb3I6IHZhcigtLWZvcmVncm91bmQpOwp9CgoudGVzdGltb25pYWwtYXV0aG9yIHsKICBkaXNwbGF5OiBmbGV4OwogIGFsaWduLWl0ZW1zOiBjZW50ZXI7CiAgZ2FwOiAxcmVtOwp9CgouYXV0aG9yLWF2YXRhciB7CiAgd2lkdGg6IDNyZW07CiAgaGVpZ2h0OiAzcmVtOwogIGJvcmRlci1yYWRpdXM6IDUwJTsKICBiYWNrZ3JvdW5kOiBsaW5lYXItZ3JhZGllbnQoMTM1ZGVnLCB2YXIoLS1wcmltYXJ5KSAwJSwgdmFyKC0tYWNjZW50KSAxMDAlKTsKICBjb2xvcjogd2hpdGU7CiAgZGlzcGxheTogZmxleDsKICBhbGlnbi1pdGVtczogY2VudGVyOwogIGp1c3RpZnktY29udGVudDogY2VudGVyOwogIGZvbnQtd2VpZ2h0OiA2MDA7CiAgZm9udC1zaXplOiAxLjEyNXJlbTsKfQoKLmF1dGhvci1uYW1lIHsKICBmb250LXdlaWdodDogNjAwOwogIGZvbnQtc2l6ZTogMXJlbTsKfQoKLmF1dGhvci1yb2xlIHsKICBmb250LXNpemU6IDAuODc1cmVtOwogIGNvbG9yOiB2YXIoLS1tdXRlZC1mb3JlZ3JvdW5kKTsKfQoKLyogUHJpY2luZyAqLwoucHJpY2luZy1ncmlkIHsKICBkaXNwbGF5OiBncmlkOwogIGdyaWQtdGVtcGxhdGUtY29sdW1uczogcmVwZWF0KGF1dG8tZml0LCBtaW5tYXgoMzAwcHgsIDFmcikpOwogIGdhcDogMnJlbTsKICBtYXJnaW4tdG9wOiAzcmVtOwp9CgoucHJpY2luZy1jYXJkIHsKICBwYWRkaW5nOiAyLjVyZW07CiAgYmFja2dyb3VuZC1jb2xvcjogdmFyKC0tYmFja2dyb3VuZCk7CiAgYm9yZGVyOiAycHggc29saWQgdmFyKC0tYm9yZGVyKTsKICBib3JkZXItcmFkaXVzOiB2YXIoLS1yYWRpdXMteGwpOwogIHRleHQtYWxpZ246IGNlbnRlcjsKICB0cmFuc2l0aW9uOiB0cmFuc2Zvcm0gMC4ycywgYm94LXNoYWRvdyAwLjJzOwp9CgoucHJpY2luZy1jYXJkOmhvdmVyIHsKICB0cmFuc2Zvcm06IHRyYW5zbGF0ZVkoLTRweCk7CiAgYm94LXNoYWRvdzogMCAxMHB4IDMwcHggcmdiYSgwLCAwLCAwLCAwLjEpOwp9CgoucHJpY2luZy1jYXJkLmZlYXR1cmVkIHsKICBib3JkZXItY29sb3I6IHZhcigtLXByaW1hcnkpOwogIGJveC1zaGFkb3c6IDAgMTBweCA0MHB4IHJnYmEoMCwgMCwgMCwgMC4xNSk7CiAgdHJhbnNmb3JtOiBzY2FsZSgxLjA1KTsKfQoKLnBsYW4tbmFtZSB7CiAgZm9udC1zaXplOiAxLjVyZW07CiAgZm9udC13ZWlnaHQ6IDYwMDsKICBtYXJnaW4tYm90dG9tOiAxcmVtOwp9CgoucGxhbi1wcmljZSB7CiAgbWFyZ2luLWJvdHRvbTogMnJlbTsKfQoKLnByaWNlLWFtb3VudCB7CiAgZm9udC1zaXplOiAzcmVtOwogIGZvbnQtd2VpZ2h0OiA3MDA7Cn0KCi5wcmljZS1wZXJpb2QgewogIGZvbnQtc2l6ZTogMS4xMjVyZW07CiAgY29sb3I6IHZhcigtLW11dGVkLWZvcmVncm91bmQpOwp9CgoucGxhbi1mZWF0dXJlcyB7CiAgbGlzdC1zdHlsZTogbm9uZTsKICBwYWRkaW5nOiAwOwogIG1hcmdpbi1ib3R0b206IDJyZW07CiAgdGV4dC1hbGlnbjogbGVmdDsKfQoKLnBsYW4tZmVhdHVyZXMgbGkgewogIHBhZGRpbmc6IDAuNzVyZW0gMDsKICBib3JkZXItYm90dG9tOiAxcHggc29saWQgdmFyKC0tYm9yZGVyKTsKfQoKLyogQWJvdXQgU2VjdGlvbiAqLwouYWJvdXQtY29udGVudCB7CiAgbWF4LXdpZHRoOiA4MDBweDsKICBtYXJnaW46IDAgYXV0byA0cmVtOwogIHRleHQtYWxpZ246IGNlbnRlcjsKfQoKLmFib3V0LWRlc2NyaXB0aW9uIHsKICBmb250LXNpemU6IDEuMTI1cmVtOwogIGNvbG9yOiB2YXIoLS1tdXRlZC1mb3JlZ3JvdW5kKTsKfQoKLnN0YXRzLWdyaWQgewogIGRpc3BsYXk6IGdyaWQ7CiAgZ3JpZC10ZW1wbGF0ZS1jb2x1bW5zOiByZXBlYXQoYXV0by1maXQsIG1pbm1heCgyMDBweCwgMWZyKSk7CiAgZ2FwOiAzcmVtOwogIG1hcmdpbi10b3A6IDNyZW07Cn0KCi5zdGF0IHsKICB0ZXh0LWFsaWduOiBjZW50ZXI7Cn0KCi5zdGF0LW51bWJlciB7CiAgZm9udC1zaXplOiAzcmVtOwogIGZvbnQtd2VpZ2h0OiA3MDA7CiAgY29sb3I6IHZhcigtLXByaW1hcnkpOwogIG1hcmdpbi1ib3R0b206IDAuNXJlbTsKfQoKLnN0YXQtbGFiZWwgewogIGZvbnQtc2l6ZTogMS4xMjVyZW07CiAgY29sb3I6IHZhcigtLW11dGVkLWZvcmVncm91bmQpOwp9CgovKiBDb250YWN0IEZvcm0gKi8KLmNvbnRhY3QtZm9ybSB7CiAgbWFyZ2luLXRvcDogM3JlbTsKfQoKLmZvcm0tcm93IHsKICBkaXNwbGF5OiBncmlkOwogIGdyaWQtdGVtcGxhdGUtY29sdW1uczogMWZyIDFmcjsKICBnYXA6IDEuNXJlbTsKICBtYXJnaW4tYm90dG9tOiAxLjVyZW07Cn0KCi5mb3JtLWdyb3VwIHsKICBkaXNwbGF5OiBmbGV4OwogIGZsZXgtZGlyZWN0aW9uOiBjb2x1bW47CiAgZ2FwOiAwLjVyZW07Cn0KCi5mb3JtLWdyb3VwIGxhYmVsIHsKICBmb250LXdlaWdodDogNTAwOwogIGZvbnQtc2l6ZTogMC44NzVyZW07CiAgY29sb3I6IHZhcigtLWZvcmVncm91bmQpOwp9CgouZm9ybS1ncm91cCBpbnB1dCwKLmZvcm0tZ3JvdXAgdGV4dGFyZWEgewogIHBhZGRpbmc6IDAuODc1cmVtIDFyZW07CiAgZm9udC1zaXplOiAxcmVtOwogIGZvbnQtZmFtaWx5OiBpbmhlcml0OwogIGNvbG9yOiB2YXIoLS1mb3JlZ3JvdW5kKTsKICBiYWNrZ3JvdW5kLWNvbG9yOiB2YXIoLS1iYWNrZ3JvdW5kKTsKICBib3JkZXI6IDJweCBzb2xpZCB2YXIoLS1ib3JkZXIpOwogIGJvcmRlci1yYWRpdXM6IHZhcigtLXJhZGl1cy1tZCk7CiAgdHJhbnNpdGlvbjogYm9yZGVyLWNvbG9yIDAuMnM7Cn0KCi5mb3JtLWdyb3VwIGlucHV0OmZvY3VzLAouZm9ybS1ncm91cCB0ZXh0YXJlYTpmb2N1cyB7CiAgb3V0bGluZTogbm9uZTsKICBib3JkZXItY29sb3I6IHZhcigtLXByaW1hcnkpOwp9CgovKiBGb290ZXIgKi8KLnNpdGUtZm9vdGVyIHsKICBiYWNrZ3JvdW5kLWNvbG9yOiB2YXIoLS1tdXRlZCk7CiAgcGFkZGluZzogNHJlbSAwIDJyZW07CiAgbWFyZ2luLXRvcDogdmFyKC0tc2VjdGlvbi1zcGFjaW5nKTsKfQoKLmZvb3Rlci1ncmlkIHsKICBkaXNwbGF5OiBncmlkOwogIGdyaWQtdGVtcGxhdGUtY29sdW1uczogMmZyIDFmciAxZnIgMWZyOwogIGdhcDogM3JlbTsKICBtYXJnaW4tYm90dG9tOiAzcmVtOwp9CgouZm9vdGVyLWJyYW5kIGgzIHsKICBmb250LXNpemU6IDEuNXJlbTsKICBtYXJnaW4tYm90dG9tOiAxcmVtOwp9CgouZm9vdGVyLWJyYW5kIHAgewogIGNvbG9yOiB2YXIoLS1tdXRlZC1mb3JlZ3JvdW5kKTsKfQoKLmZvb3Rlci1jb2x1bW4gaDQgewogIGZvbnQtc2l6ZTogMS4xMjVyZW07CiAgbWFyZ2luLWJvdHRvbTogMXJlbTsKfQoKLmZvb3Rlci1jb2x1bW4gdWwgewogIGxpc3Qtc3R5bGU6IG5vbmU7CiAgcGFkZGluZzogMDsKfQoKLmZvb3Rlci1jb2x1bW4gbGkgewogIG1hcmdpbi1ib3R0b206IDAuNzVyZW07Cn0KCi5mb290ZXItY29sdW1uIGEgewogIGNvbG9yOiB2YXIoLS1tdXRlZC1mb3JlZ3JvdW5kKTsKICB0cmFuc2l0aW9uOiBjb2xvciAwLjJzOwp9CgouZm9vdGVyLWNvbHVtbiBhOmhvdmVyIHsKICBjb2xvcjogdmFyKC0tZm9yZWdyb3VuZCk7Cn0KCi5mb290ZXItYm90dG9tIHsKICBwYWRkaW5nLXRvcDogMnJlbTsKICBib3JkZXItdG9wOiAxcHggc29saWQgdmFyKC0tYm9yZGVyKTsKICB0ZXh0LWFsaWduOiBjZW50ZXI7CiAgY29sb3I6IHZhcigtLW11dGVkLWZvcmVncm91bmQpOwogIGZvbnQtc2l6ZTogMC44NzVyZW07Cn0KCi8qIFJlc3BvbnNpdmUgRGVzaWduICovCkBtZWRpYSAobWF4LXdpZHRoOiA3NjhweCkgewogIC5oZXJvLWN0YSB7CiAgICBmbGV4LWRpcmVjdGlvbjogY29sdW1uOwogIH0KICAKICAuZmVhdHVyZXMtZ3JpZCwKICAuc2VydmljZXMtZ3JpZCwKICAudGVzdGltb25pYWxzLWdyaWQsCiAgLnByaWNpbmctZ3JpZCB7CiAgICBncmlkLXRlbXBsYXRlLWNvbHVtbnM6IDFmcjsKICB9CiAgCiAgLmJlbnRvLWdyaWQgewogICAgZ3JpZC10ZW1wbGF0ZS1jb2x1bW5zOiAxZnI7CiAgfQogIAogIC5iZW50by1sYXJnZSwKICAuYmVudG8tc21hbGwsCiAgLmJlbnRvLW1lZGl1bSB7CiAgICBncmlkLWNvbHVtbjogc3BhbiAxOwogICAgZ3JpZC1yb3c6IHNwYW4gMTsKICB9CiAgCiAgLnNlcnZpY2VzLWFsdGVybmF0aW5nIC5zZXJ2aWNlLXJvdyB7CiAgICBncmlkLXRlbXBsYXRlLWNvbHVtbnM6IDFmcjsKICB9CiAgCiAgLmZvb3Rlci1ncmlkIHsKICAgIGdyaWQtdGVtcGxhdGUtY29sdW1uczogMWZyOwogIH0KICAKICAuZm9ybS1yb3cgewogICAgZ3JpZC10ZW1wbGF0ZS1jb2x1bW5zOiAxZnI7CiAgfQp9CgovKiBBbmltYXRpb25zICovCkBrZXlmcmFtZXMgZmFkZUluVXAgewogIGZyb20gewogICAgb3BhY2l0eTogMDsKICAgIHRyYW5zZm9ybTogdHJhbnNsYXRlWSgzMHB4KTsKICB9CiAgdG8gewogICAgb3BhY2l0eTogMTsKICAgIHRyYW5zZm9ybTogdHJhbnNsYXRlWSgwKTsKICB9Cn0KCi5mYWRlLWluLXVwIHsKICBhbmltYXRpb246IGZhZGVJblVwIDAuNnMgZWFzZS1vdXQ7Cn0K","checksum":"a183d17e5ea9aa5c0759377c080b4fe8"},"assets/scripts/app.js":{"path":"assets/scripts/app.js","type":"js","content":"Ly8gQW1hemluZyBQaXp6YSBQbGFjZSAtIE1vY2sgSmF2YVNjcmlwdApjb25zb2xlLmxvZygnQW1hemluZyBQaXp6YSBQbGFjZSAtIERlbW8gTW9kZScpOwoKLy8gU21vb3RoIHNjcm9sbCBmb3IgbmF2aWdhdGlvbgpkb2N1bWVudC5xdWVyeVNlbGVjdG9yQWxsKCdhW2hyZWZePSIjIl0nKS5mb3JFYWNoKGFuY2hvciA9PiB7CiAgYW5jaG9yLmFkZEV2ZW50TGlzdGVuZXIoJ2NsaWNrJywgZnVuY3Rpb24gKGUpIHsKICAgIGUucHJldmVudERlZmF1bHQoKTsKICAgIGNvbnN0IHRhcmdldCA9IGRvY3VtZW50LnF1ZXJ5U2VsZWN0b3IodGhpcy5nZXRBdHRyaWJ1dGUoJ2hyZWYnKSk7CiAgICBpZiAodGFyZ2V0KSB7CiAgICAgIHRhcmdldC5zY3JvbGxJbnRvVmlldyh7IGJlaGF2aW9yOiAnc21vb3RoJyB9KTsKICAgIH0KICB9KTsKfSk7","checksum":"3f9c422a6f99fbafa667b5ccdc7695ca"},"site.json":{"path":"site.json","type":"json","content":"ewogICJzaXRlTmFtZSI6ICJBbWF6aW5nIFBpenphIFBsYWNlIiwKICAiZGVzY3JpcHRpb24iOiAiQW1hemluZyBQaXp6YSBQbGFjZSAtIFJlc3RhdXJhbnQgZm9yIEZhbWlsaWVzIiwKICAidmVyc2lvbiI6ICIxLjAiLAogICJwYWdlcyI6IFsKICAgIHsKICAgICAgInNsdWciOiAiaG9tZSIsCiAgICAgICJ0aXRsZSI6ICJIb21lIiwKICAgICAgImRlc2NyaXB0aW9uIjogIkxlYXJuIGFib3V0IG91ciBob21lIGFuZCBob3cgd2UgY2FuIGhlbHAgeW91IHN1Y2NlZWQiLAogICAgICAic2VjdGlvbnMiOiBbCiAgICAgICAgewogICAgICAgICAgImlkIjogImhlcm8iLAogICAgICAgICAgInR5cGUiOiAiaGVybyIsCiAgICAgICAgICAidGl0bGUiOiAiSG9tZSAtIEFtYXppbmcgUGl6emEgUGxhY2UiLAogICAgICAgICAgImNvbnRlbnQiOiAiV2VsY29tZSB0byBvdXIgaG9tZSBwYWdlLiBXZSdyZSBkZWRpY2F0ZWQgdG8gZGVsaXZlcmluZyBleGNlcHRpb25hbCBSZXN0YXVyYW50LiIsCiAgICAgICAgICAib3JkZXIiOiAxCiAgICAgICAgfSwKICAgICAgICB7CiAgICAgICAgICAiaWQiOiAiZmVhdHVyZXMiLAogICAgICAgICAgInR5cGUiOiAiZmVhdHVyZXMiLAogICAgICAgICAgInRpdGxlIjogIktleSBGZWF0dXJlcyIsCiAgICAgICAgICAiY29udGVudCI6ICJEaXNjb3ZlciB3aGF0IG1ha2VzIHVzIHVuaXF1ZSIsCiAgICAgICAgICAib3JkZXIiOiAyCiAgICAgICAgfSwKICAgICAgICB7CiAgICAgICAgICAiaWQiOiAiY29udGVudCIsCiAgICAgICAgICAidHlwZSI6ICJjb250ZW50IiwKICAgICAgICAgICJ0aXRsZSI6ICJPdXIgQXBwcm9hY2giLAogICAgICAgICAgImNvbnRlbnQiOiAiV2UgY29tYmluZSBpbm5vdmF0aW9uIHdpdGggcmVsaWFiaWxpdHkiLAogICAgICAgICAgIm9yZGVyIjogMwogICAgICAgIH0sCiAgICAgICAgewogICAgICAgICAgImlkIjogImN0YSIsCiAgICAgICAgICAidHlwZSI6ICJjdGEiLAogICAgICAgICAgInRpdGxlIjogIkdldCBTdGFydGVkIFRvZGF5IiwKICAgICAgICAgICJjb250ZW50IjogIlJlYWR5IHRvIHRha2UgdGhlIG5leHQgc3RlcD8iLAogICAgICAgICAgIm9yZGVyIjogNAogICAgICAgIH0KICAgICAgXSwKICAgICAgInNlbyI6IHsKICAgICAgICAidGl0bGUiOiAiSG9tZSB8IEFtYXppbmcgUGl6emEgUGxhY2UiLAogICAgICAgICJkZXNjcmlwdGlvbiI6ICJBbWF6aW5nIFBpenphIFBsYWNlIGhvbWUgLSBGYW1pbGllcyIsCiAgICAgICAgImtleXdvcmRzIjogW10KICAgICAgfSwKICAgICAgIm9yZGVyIjogMQogICAgfSwKICAgIHsKICAgICAgInNsdWciOiAibWVudSIsCiAgICAgICJ0aXRsZSI6ICJNZW51IiwKICAgICAgImRlc2NyaXB0aW9uIjogIkxlYXJuIGFib3V0IG91ciBtZW51IGFuZCBob3cgd2UgY2FuIGhlbHAgeW91IHN1Y2NlZWQiLAogICAgICAic2VjdGlvbnMiOiBbCiAgICAgICAgewogICAgICAgICAgImlkIjogImhlcm8iLAogICAgICAgICAgInR5cGUiOiAiaGVybyIsCiAgICAgICAgICAidGl0bGUiOiAiTWVudSAtIEFtYXppbmcgUGl6emEgUGxhY2UiLAogICAgICAgICAgImNvbnRlbnQiOiAiV2VsY29tZSB0byBvdXIgbWVudSBwYWdlLiBXZSdyZSBkZWRpY2F0ZWQgdG8gZGVsaXZlcmluZyBleGNlcHRpb25hbCBSZXN0YXVyYW50LiIsCiAgICAgICAgICAib3JkZXIiOiAxCiAgICAgICAgfSwKICAgICAgICB7CiAgICAgICAgICAiaWQiOiAiZmVhdHVyZXMiLAogICAgICAgICAgInR5cGUiOiAiZmVhdHVyZXMiLAogICAgICAgICAgInRpdGxlIjogIktleSBGZWF0dXJlcyIsCiAgICAgICAgICAiY29udGVudCI6ICJEaXNjb3ZlciB3aGF0IG1ha2VzIHVzIHVuaXF1ZSIsCiAgICAgICAgICAib3JkZXIiOiAyCiAgICAgICAgfSwKICAgICAgICB7CiAgICAgICAgICAiaWQiOiAiY29udGVudCIsCiAgICAgICAgICAidHlwZSI6ICJjb250ZW50IiwKICAgICAgICAgICJ0aXRsZSI6ICJPdXIgQXBwcm9hY2giLAogICAgICAgICAgImNvbnRlbnQiOiAiV2UgY29tYmluZSBpbm5vdmF0aW9uIHdpdGggcmVsaWFiaWxpdHkiLAogICAgICAgICAgIm9yZGVyIjogMwogICAgICAgIH0sCiAgICAgICAgewogICAgICAgICAgImlkIjogImN0YSIsCiAgICAgICAgICAidHlwZSI6ICJjdGEiLAogICAgICAgICAgInRpdGxlIjogIkdldCBTdGFydGVkIFRvZGF5IiwKICAgICAgICAgICJjb250ZW50IjogIlJlYWR5IHRvIHRha2UgdGhlIG5leHQgc3RlcD8iLAogICAgICAgICAgIm9yZGVyIjogNAogICAgICAgIH0KICAgICAgXSwKICAgICAgInNlbyI6IHsKICAgICAgICAidGl0bGUiOiAiTWVudSB8IEFtYXppbmcgUGl6emEgUGxhY2UiLAogICAgICAgICJkZXNjcmlwdGlvbiI6ICJBbWF6aW5nIFBpenphIFBsYWNlIG1lbnUgLSBGYW1pbGllcyIsCiAgICAgICAgImtleXdvcmRzIjogW10KICAgICAgfSwKICAgICAgIm9yZGVyIjogMgogICAgfSwKICAgIHsKICAgICAgInNsdWciOiAiYWJvdXQiLAogICAgICAidGl0bGUiOiAiQWJvdXQiLAogICAgICAiZGVzY3JpcHRpb24iOiAiTGVhcm4gYWJvdXQgb3VyIGFib3V0IGFuZCBob3cgd2UgY2FuIGhlbHAgeW91IHN1Y2NlZWQiLAogICAgICAic2VjdGlvbnMiOiBbCiAgICAgICAgewogICAgICAgICAgImlkIjogImhlcm8iLAogICAgICAgICAgInR5cGUiOiAiaGVybyIsCiAgICAgICAgICAidGl0bGUiOiAiQWJvdXQgLSBBbWF6aW5nIFBpenphIFBsYWNlIiwKICAgICAgICAgICJjb250ZW50IjogIldlbGNvbWUgdG8gb3VyIGFib3V0IHBhZ2UuIFdlJ3JlIGRlZGljYXRlZCB0byBkZWxpdmVyaW5nIGV4Y2VwdGlvbmFsIFJlc3RhdXJhbnQuIiwKICAgICAgICAgICJvcmRlciI6IDEKICAgICAgICB9LAogICAgICAgIHsKICAgICAgICAgICJpZCI6ICJmZWF0dXJlcyIsCiAgICAgICAgICAidHlwZSI6ICJmZWF0dXJlcyIsCiAgICAgICAgICAidGl0bGUiOiAiS2V5IEZlYXR1cmVzIiwKICAgICAgICAgICJjb250ZW50IjogIkRpc2NvdmVyIHdoYXQgbWFrZXMgdXMgdW5pcXVlIiwKICAgICAgICAgICJvcmRlciI6IDIKICAgICAgICB9LAogICAgICAgIHsKICAgICAgICAgICJpZCI6ICJjb250ZW50IiwKICAgICAgICAgICJ0eXBlIjogImNvbnRlbnQiLAogICAgICAgICAgInRpdGxlIjogIk91ciBBcHByb2FjaCIsCiAgICAgICAgICAiY29udGVudCI6ICJXZSBjb21iaW5lIGlubm92YXRpb24gd2l0aCByZWxpYWJpbGl0eSIsCiAgICAgICAgICAib3JkZXIiOiAzCiAgICAgICAgfSwKICAgICAgICB7CiAgICAgICAgICAiaWQiOiAiY3RhIiwKICAgICAgICAgICJ0eXBlIjogImN0YSIsCiAgICAgICAgICAidGl0bGUiOiAiR2V0IFN0YXJ0ZWQgVG9kYXkiLAogICAgICAgICAgImNvbnRlbnQiOiAiUmVhZHkgdG8gdGFrZSB0aGUgbmV4dCBzdGVwPyIsCiAgICAgICAgICAib3JkZXIiOiA0CiAgICAgICAgfQogICAgICBdLAogICAgICAic2VvIjogewogICAgICAgICJ0aXRsZSI6ICJBYm91dCB8IEFtYXppbmcgUGl6emEgUGxhY2UiLAogICAgICAgICJkZXNjcmlwdGlvbiI6ICJBbWF6aW5nIFBpenphIFBsYWNlIGFib3V0IC0gRmFtaWxpZXMiLAogICAgICAgICJrZXl3b3JkcyI6IFtdCiAgICAgIH0sCiAgICAgICJvcmRlciI6IDMKICAgIH0sCiAgICB7CiAgICAgICJzbHVnIjogImNvbnRhY3QiLAogICAgICAidGl0bGUiOiAiQ29udGFjdCIsCiAgICAgICJkZXNjcmlwdGlvbiI6ICJMZWFybiBhYm91dCBvdXIgY29udGFjdCBhbmQgaG93IHdlIGNhbiBoZWxwIHlvdSBzdWNjZWVkIiwKICAgICAgInNlY3Rpb25zIjogWwogICAgICAgIHsKICAgICAgICAgICJpZCI6ICJoZXJvIiwKICAgICAgICAgICJ0eXBlIjogImhlcm8iLAogICAgICAgICAgInRpdGxlIjogIkNvbnRhY3QgLSBBbWF6aW5nIFBpenphIFBsYWNlIiwKICAgICAgICAgICJjb250ZW50IjogIldlbGNvbWUgdG8gb3VyIGNvbnRhY3QgcGFnZS4gV2UncmUgZGVkaWNhdGVkIHRvIGRlbGl2ZXJpbmcgZXhjZXB0aW9uYWwgUmVzdGF1cmFudC4iLAogICAgICAgICAgIm9yZGVyIjogMQogICAgICAgIH0sCiAgICAgICAgewogICAgICAgICAgImlkIjogImZlYXR1cmVzIiwKICAgICAgICAgICJ0eXBlIjogImZlYXR1cmVzIiwKICAgICAgICAgICJ0aXRsZSI6ICJLZXkgRmVhdHVyZXMiLAogICAgICAgICAgImNvbnRlbnQiOiAiRGlzY292ZXIgd2hhdCBtYWtlcyB1cyB1bmlxdWUiLAogICAgICAgICAgIm9yZGVyIjogMgogICAgICAgIH0sCiAgICAgICAgewogICAgICAgICAgImlkIjogImNvbnRlbnQiLAogICAgICAgICAgInR5cGUiOiAiY29udGVudCIsCiAgICAgICAgICAidGl0bGUiOiAiT3VyIEFwcHJvYWNoIiwKICAgICAgICAgICJjb250ZW50IjogIldlIGNvbWJpbmUgaW5ub3ZhdGlvbiB3aXRoIHJlbGlhYmlsaXR5IiwKICAgICAgICAgICJvcmRlciI6IDMKICAgICAgICB9LAogICAgICAgIHsKICAgICAgICAgICJpZCI6ICJjdGEiLAogICAgICAgICAgInR5cGUiOiAiY3RhIiwKICAgICAgICAgICJ0aXRsZSI6ICJHZXQgU3RhcnRlZCBUb2RheSIsCiAgICAgICAgICAiY29udGVudCI6ICJSZWFkeSB0byB0YWtlIHRoZSBuZXh0IHN0ZXA/IiwKICAgICAgICAgICJvcmRlciI6IDQKICAgICAgICB9CiAgICAgIF0sCiAgICAgICJzZW8iOiB7CiAgICAgICAgInRpdGxlIjogIkNvbnRhY3QgfCBBbWF6aW5nIFBpenphIFBsYWNlIiwKICAgICAgICAiZGVzY3JpcHRpb24iOiAiQW1hemluZyBQaXp6YSBQbGFjZSBjb250YWN0IC0gRmFtaWxpZXMiLAogICAgICAgICJrZXl3b3JkcyI6IFtdCiAgICAgIH0sCiAgICAgICJvcmRlciI6IDQKICAgIH0KICBdLAogICJuYXZpZ2F0aW9uIjogewogICAgInR5cGUiOiAiaGVhZGVyIiwKICAgICJzdGlja3kiOiB0cnVlLAogICAgInBhZ2VzIjogWwogICAgICB7CiAgICAgICAgInNsdWciOiAiaG9tZSIsCiAgICAgICAgImxhYmVsIjogIkhvbWUiLAogICAgICAgICJvcmRlciI6IDEKICAgICAgfSwKICAgICAgewogICAgICAgICJzbHVnIjogIm1lbnUiLAogICAgICAgICJsYWJlbCI6ICJNZW51IiwKICAgICAgICAib3JkZXIiOiAyCiAgICAgIH0sCiAgICAgIHsKICAgICAgICAic2x1ZyI6ICJhYm91dCIsCiAgICAgICAgImxhYmVsIjogIkFib3V0IiwKICAgICAgICAib3JkZXIiOiAzCiAgICAgIH0sCiAgICAgIHsKICAgICAgICAic2x1ZyI6ICJjb250YWN0IiwKICAgICAgICAibGFiZWwiOiAiQ29udGFjdCIsCiAgICAgICAgIm9yZGVyIjogNAogICAgICB9CiAgICBdCiAgfSwKICAic2hhcmVkQ29tcG9uZW50cyI6IHsKICAgICJoZWFkZXIiOiAiPGhlYWRlciBjbGFzcz1cInNpdGUtaGVhZGVyXCI+QW1hemluZyBQaXp6YSBQbGFjZTwvaGVhZGVyPiIsCiAgICAiZm9vdGVyIjogIjxmb290ZXIgY2xhc3M9XCJzaXRlLWZvb3RlclwiPiZjb3B5OyAyMDI0IEFtYXppbmcgUGl6emEgUGxhY2U8L2Zvb3Rlcj4iLAogICAgIm5hdmlnYXRpb24iOiAiPG5hdiBjbGFzcz1cInNpdGUtbmF2XCI+TmF2aWdhdGlvbjwvbmF2PiIKICB9LAogICJzZW9TdHJhdGVneSI6IHsKICAgICJwcmltYXJ5S2V5d29yZHMiOiBbCiAgICAgICJwcm9mZXNzaW9uYWwiLAogICAgICAic2VydmljZXMiLAogICAgICAiYnVzaW5lc3MiCiAgICBdLAogICAgInNlY29uZGFyeUtleXdvcmRzIjogWwogICAgICAicXVhbGl0eSIsCiAgICAgICJyZWxpYWJsZSIsCiAgICAgICJleHBlcnQiCiAgICBdLAogICAgImNvbnRlbnRHYXBzIjogW10KICB9LAogICJkZXNpZ25TeXN0ZW0iOiB7CiAgICAiY29sb3JzIjogewogICAgICAicHJpbWFyeSI6ICIjRkY2QjM1IiwKICAgICAgImFjY2VudCI6ICIjRjc5MzFFIiwKICAgICAgImJhY2tncm91bmQiOiAiI0ZGRkZGRiIsCiAgICAgICJ0ZXh0IjogIiMxRjI5MzciCiAgICB9LAogICAgInR5cG9ncmFwaHkiOiB7CiAgICAgICJoZWFkaW5nRm9udCI6ICJJbnRlciwgc2Fucy1zZXJpZiIsCiAgICAgICJib2R5Rm9udCI6ICJJbnRlciwgc2Fucy1zZXJpZiIsCiAgICAgICJzaXplcyI6IHsKICAgICAgICAiaDEiOiAiM3JlbSIsCiAgICAgICAgImgyIjogIjJyZW0iLAogICAgICAgICJib2R5IjogIjFyZW0iCiAgICAgIH0KICAgIH0sCiAgICAic3BhY2luZyI6IHsKICAgICAgInNlY3Rpb24iOiAiNHJlbSIsCiAgICAgICJlbGVtZW50IjogIjEuNXJlbSIKICAgIH0sCiAgICAiYm9yZGVyUmFkaXVzIjogIjAuNXJlbSIKICB9Cn0=","checksum":"6084e4f2fc892e243abbbf7a7874aba2"}},"assets":{"css":"LyogUHJvZmVzc2lvbmFsIERlc2lnbiBTeXN0ZW0gLSBHZW5lcmF0ZWQgZm9yIEFJIFdlYnNpdGUgQnVpbGRlciAqLwoKLyogQ1NTIFZhcmlhYmxlcyAqLwo6cm9vdCB7CiAgLyogQ29sb3JzIC0gTGlnaHQgTW9kZSAqLwogIC0tYmFja2dyb3VuZDogI2ZmZmZmZjsKICAtLWZvcmVncm91bmQ6ICMwYTBhMGE7CiAgLS1wcmltYXJ5OiAjRkY2QjM1OwogIC0tcHJpbWFyeS1mb3JlZ3JvdW5kOiAjZmZmZmZmOwogIC0tc2Vjb25kYXJ5OiAjZjVmNWY1OwogIC0tc2Vjb25kYXJ5LWZvcmVncm91bmQ6ICMxNzE3MTc7CiAgLS1hY2NlbnQ6ICNGNzkzMUU7CiAgLS1hY2NlbnQtZm9yZWdyb3VuZDogI2ZmZmZmZjsKICAtLW11dGVkOiAjZjVmNWY1OwogIC0tbXV0ZWQtZm9yZWdyb3VuZDogIzczNzM3MzsKICAtLWJvcmRlcjogI2U1ZTVlNTsKICAKICAvKiBUeXBvZ3JhcGh5ICovCiAgLS1mb250LXNhbnM6ICdJbnRlcicsIC1hcHBsZS1zeXN0ZW0sIEJsaW5rTWFjU3lzdGVtRm9udCwgJ1NlZ29lIFVJJywgc2Fucy1zZXJpZjsKICAtLWZvbnQtc2VyaWY6ICdHZW9yZ2lhJywgJ1RpbWVzIE5ldyBSb21hbicsIHNlcmlmOwogIC0tZm9udC1tb25vOiAnTWVubG8nLCAnTW9uYWNvJywgJ0NvdXJpZXIgTmV3JywgbW9ub3NwYWNlOwogIAogIC8qIFNwYWNpbmcgKi8KICAtLXNlY3Rpb24tc3BhY2luZzogNXJlbTsKICAtLWNvbnRhaW5lci13aWR0aDogMTI4MHB4OwogIC0tY2FyZC1wYWRkaW5nOiAxLjVyZW07CiAgCiAgLyogUmFkaXVzICovCiAgLS1yYWRpdXMtc206IDAuMzc1cmVtOwogIC0tcmFkaXVzLW1kOiAwLjVyZW07CiAgLS1yYWRpdXMtbGc6IDAuNzVyZW07CiAgLS1yYWRpdXMteGw6IDFyZW07Cn0KCkBtZWRpYSAocHJlZmVycy1jb2xvci1zY2hlbWU6IGRhcmspIHsKICA6cm9vdCB7CiAgICAtLWJhY2tncm91bmQ6ICMwYTBhMGE7CiAgICAtLWZvcmVncm91bmQ6ICNmYWZhZmE7CiAgICAtLXByaW1hcnk6ICNGRjZCMzU7CiAgICAtLXByaW1hcnktZm9yZWdyb3VuZDogI2ZmZmZmZjsKICAgIC0tc2Vjb25kYXJ5OiAjMWExYTFhOwogICAgLS1zZWNvbmRhcnktZm9yZWdyb3VuZDogI2U1ZTVlNTsKICAgIC0tYWNjZW50OiAjRjc5MzFFOwogICAgLS1hY2NlbnQtZm9yZWdyb3VuZDogI2ZmZmZmZjsKICAgIC0tbXV0ZWQ6ICMyNjI2MjY7CiAgICAtLW11dGVkLWZvcmVncm91bmQ6ICNhM2EzYTM7CiAgICAtLWJvcmRlcjogIzI2MjYyNjsKICB9Cn0KCi8qIFJlc2V0ICYgQmFzZSAqLwoqIHsKICBtYXJnaW46IDA7CiAgcGFkZGluZzogMDsKICBib3gtc2l6aW5nOiBib3JkZXItYm94Owp9CgpodG1sIHsKICBzY3JvbGwtYmVoYXZpb3I6IHNtb290aDsKICAtd2Via2l0LWZvbnQtc21vb3RoaW5nOiBhbnRpYWxpYXNlZDsKICAtbW96LW9zeC1mb250LXNtb290aGluZzogZ3JheXNjYWxlOwp9Cgpib2R5IHsKICBmb250LWZhbWlseTogdmFyKC0tZm9udC1zYW5zKTsKICBmb250LXNpemU6IDFyZW07CiAgbGluZS1oZWlnaHQ6IDEuNjsKICBjb2xvcjogdmFyKC0tZm9yZWdyb3VuZCk7CiAgYmFja2dyb3VuZC1jb2xvcjogdmFyKC0tYmFja2dyb3VuZCk7Cn0KCi8qIFR5cG9ncmFwaHkgKi8KaDEsIGgyLCBoMywgaDQsIGg1LCBoNiB7CiAgZm9udC13ZWlnaHQ6IDYwMDsKICBsaW5lLWhlaWdodDogMS4yOwogIGxldHRlci1zcGFjaW5nOiAtMC4wMmVtOwp9CgpoMSB7IGZvbnQtc2l6ZTogMy43NXJlbTsgfQpoMiB7IGZvbnQtc2l6ZTogMi4yNXJlbTsgfQpoMyB7IGZvbnQtc2l6ZTogMS44NzVyZW07IH0KaDQgeyBmb250LXNpemU6IDEuNXJlbTsgfQpoNSB7IGZvbnQtc2l6ZTogMS4yNXJlbTsgfQpoNiB7IGZvbnQtc2l6ZTogMS4xMjVyZW07IH0KCnAgewogIG1hcmdpbi1ib3R0b206IDFyZW07Cn0KCmEgewogIGNvbG9yOiB2YXIoLS1wcmltYXJ5KTsKICB0ZXh0LWRlY29yYXRpb246IG5vbmU7CiAgdHJhbnNpdGlvbjogb3BhY2l0eSAwLjJzOwp9CgphOmhvdmVyIHsKICBvcGFjaXR5OiAwLjg7Cn0KCi8qIENvbnRhaW5lciAqLwouY29udGFpbmVyIHsKICB3aWR0aDogMTAwJTsKICBtYXgtd2lkdGg6IHZhcigtLWNvbnRhaW5lci13aWR0aCk7CiAgbWFyZ2luOiAwIGF1dG87CiAgcGFkZGluZzogMCAycmVtOwp9CgouY29udGFpbmVyLW5hcnJvdyB7CiAgd2lkdGg6IDEwMCU7CiAgbWF4LXdpZHRoOiA3MjBweDsKICBtYXJnaW46IDAgYXV0bzsKICBwYWRkaW5nOiAwIDJyZW07Cn0KCi8qIEJ1dHRvbnMgKi8KLmJ0bi1wcmltYXJ5IHsKICBkaXNwbGF5OiBpbmxpbmUtZmxleDsKICBhbGlnbi1pdGVtczogY2VudGVyOwogIGp1c3RpZnktY29udGVudDogY2VudGVyOwogIHBhZGRpbmc6IDAuODc1cmVtIDJyZW07CiAgZm9udC1zaXplOiAxcmVtOwogIGZvbnQtd2VpZ2h0OiA1MDA7CiAgY29sb3I6IHZhcigtLXByaW1hcnktZm9yZWdyb3VuZCk7CiAgYmFja2dyb3VuZC1jb2xvcjogdmFyKC0tcHJpbWFyeSk7CiAgYm9yZGVyOiBub25lOwogIGJvcmRlci1yYWRpdXM6IHZhcigtLXJhZGl1cy1tZCk7CiAgY3Vyc29yOiBwb2ludGVyOwogIHRyYW5zaXRpb246IHRyYW5zZm9ybSAwLjJzLCBib3gtc2hhZG93IDAuMnM7Cn0KCi5idG4tcHJpbWFyeTpob3ZlciB7CiAgdHJhbnNmb3JtOiB0cmFuc2xhdGVZKC0ycHgpOwogIGJveC1zaGFkb3c6IDAgMTBweCAyNXB4IHJnYmEoMCwgMCwgMCwgMC4xNSk7Cn0KCi5idG4tcHJpbWFyeS1sYXJnZSB7CiAgcGFkZGluZzogMS4xMjVyZW0gMi41cmVtOwogIGZvbnQtc2l6ZTogMS4xMjVyZW07Cn0KCi5idG4tc2Vjb25kYXJ5IHsKICBkaXNwbGF5OiBpbmxpbmUtZmxleDsKICBhbGlnbi1pdGVtczogY2VudGVyOwogIGp1c3RpZnktY29udGVudDogY2VudGVyOwogIHBhZGRpbmc6IDAuODc1cmVtIDJyZW07CiAgZm9udC1zaXplOiAxcmVtOwogIGZvbnQtd2VpZ2h0OiA1MDA7CiAgY29sb3I6IHZhcigtLWZvcmVncm91bmQpOwogIGJhY2tncm91bmQtY29sb3I6IHRyYW5zcGFyZW50OwogIGJvcmRlcjogMnB4IHNvbGlkIHZhcigtLWJvcmRlcik7CiAgYm9yZGVyLXJhZGl1czogdmFyKC0tcmFkaXVzLW1kKTsKICBjdXJzb3I6IHBvaW50ZXI7CiAgdHJhbnNpdGlvbjogYWxsIDAuMnM7Cn0KCi5idG4tc2Vjb25kYXJ5OmhvdmVyIHsKICBiYWNrZ3JvdW5kLWNvbG9yOiB2YXIoLS1tdXRlZCk7CiAgYm9yZGVyLWNvbG9yOiB2YXIoLS1mb3JlZ3JvdW5kKTsKfQoKLmJ0bi1nbGFzcyB7CiAgZGlzcGxheTogaW5saW5lLWZsZXg7CiAgYWxpZ24taXRlbXM6IGNlbnRlcjsKICBqdXN0aWZ5LWNvbnRlbnQ6IGNlbnRlcjsKICBwYWRkaW5nOiAwLjg3NXJlbSAycmVtOwogIGZvbnQtc2l6ZTogMXJlbTsKICBmb250LXdlaWdodDogNTAwOwogIGNvbG9yOiB3aGl0ZTsKICBiYWNrZ3JvdW5kOiByZ2JhKDI1NSwgMjU1LCAyNTUsIDAuMSk7CiAgYmFja2Ryb3AtZmlsdGVyOiBibHVyKDEwcHgpOwogIGJvcmRlcjogMXB4IHNvbGlkIHJnYmEoMjU1LCAyNTUsIDI1NSwgMC4yKTsKICBib3JkZXItcmFkaXVzOiB2YXIoLS1yYWRpdXMtbWQpOwogIGN1cnNvcjogcG9pbnRlcjsKICB0cmFuc2l0aW9uOiBhbGwgMC4yczsKfQoKLmJ0bi1nbGFzczpob3ZlciB7CiAgYmFja2dyb3VuZDogcmdiYSgyNTUsIDI1NSwgMjU1LCAwLjIpOwp9CgovKiBTZWN0aW9uIFNwYWNpbmcgKi8Kc2VjdGlvbiB7CiAgcGFkZGluZzogdmFyKC0tc2VjdGlvbi1zcGFjaW5nKSAwOwp9Cgouc2VjdGlvbi10aXRsZSB7CiAgZm9udC1zaXplOiAyLjI1cmVtOwogIGZvbnQtd2VpZ2h0OiA2MDA7CiAgdGV4dC1hbGlnbjogY2VudGVyOwogIG1hcmdpbi1ib3R0b206IDFyZW07Cn0KCi5zZWN0aW9uLWRlc2NyaXB0aW9uIHsKICBmb250LXNpemU6IDEuMTI1cmVtOwogIGNvbG9yOiB2YXIoLS1tdXRlZC1mb3JlZ3JvdW5kKTsKICB0ZXh0LWFsaWduOiBjZW50ZXI7CiAgbWF4LXdpZHRoOiA2NDBweDsKICBtYXJnaW46IDAgYXV0byAzcmVtOwp9CgovKiBIZXJvIFNlY3Rpb25zICovCi5oZXJvLW1vZGVybiB7CiAgcG9zaXRpb246IHJlbGF0aXZlOwogIG1pbi1oZWlnaHQ6IDEwMHZoOwogIGRpc3BsYXk6IGZsZXg7CiAgYWxpZ24taXRlbXM6IGNlbnRlcjsKICBqdXN0aWZ5LWNvbnRlbnQ6IGNlbnRlcjsKICBvdmVyZmxvdzogaGlkZGVuOwp9CgouaGVyby1ncmFkaWVudCB7CiAgcG9zaXRpb246IGFic29sdXRlOwogIHRvcDogMDsKICBsZWZ0OiAwOwogIHJpZ2h0OiAwOwogIGJvdHRvbTogMDsKICBiYWNrZ3JvdW5kOiBsaW5lYXItZ3JhZGllbnQoMTM1ZGVnLCB2YXIoLS1wcmltYXJ5KSAwJSwgdmFyKC0tYWNjZW50KSAxMDAlKTsKICBvcGFjaXR5OiAwLjk1Owp9CgouaGVyby1jb250ZW50IHsKICBwb3NpdGlvbjogcmVsYXRpdmU7CiAgei1pbmRleDogMTsKICB0ZXh0LWFsaWduOiBjZW50ZXI7CiAgY29sb3I6IHdoaXRlOwogIG1heC13aWR0aDogOTAwcHg7CiAgcGFkZGluZzogMCAycmVtOwp9CgouaGVyby10aXRsZSB7CiAgZm9udC1zaXplOiBjbGFtcCgyLjVyZW0sIDh2dywgNXJlbSk7CiAgZm9udC13ZWlnaHQ6IDcwMDsKICBtYXJnaW4tYm90dG9tOiAxLjVyZW07CiAgbGV0dGVyLXNwYWNpbmc6IC0wLjAzZW07Cn0KCi5oZXJvLXN1YnRpdGxlIHsKICBmb250LXNpemU6IGNsYW1wKDEuMTI1cmVtLCAzdncsIDEuNXJlbSk7CiAgbWFyZ2luLWJvdHRvbTogMi41cmVtOwogIG9wYWNpdHk6IDAuOTU7Cn0KCi5oZXJvLWN0YSB7CiAgZGlzcGxheTogZmxleDsKICBnYXA6IDFyZW07CiAganVzdGlmeS1jb250ZW50OiBjZW50ZXI7CiAgZmxleC13cmFwOiB3cmFwOwp9CgouaGVyby1taW5pbWFsIHsKICBwYWRkaW5nOiA4cmVtIDA7CiAgdGV4dC1hbGlnbjogY2VudGVyOwp9CgouaGVyby10aXRsZS1taW5pbWFsIHsKICBmb250LXNpemU6IGNsYW1wKDIuNXJlbSwgNnZ3LCA0cmVtKTsKICBmb250LXdlaWdodDogNzAwOwogIG1hcmdpbi1ib3R0b206IDEuNXJlbTsKfQoKLmhlcm8tZGVzY3JpcHRpb24gewogIGZvbnQtc2l6ZTogMS4yNXJlbTsKICBjb2xvcjogdmFyKC0tbXV0ZWQtZm9yZWdyb3VuZCk7CiAgbWFyZ2luLWJvdHRvbTogMi41cmVtOwogIG1heC13aWR0aDogNjAwcHg7CiAgbWFyZ2luLWxlZnQ6IGF1dG87CiAgbWFyZ2luLXJpZ2h0OiBhdXRvOwp9CgouaGVyby12aXN1YWwgewogIHBvc2l0aW9uOiByZWxhdGl2ZTsKICBtaW4taGVpZ2h0OiAxMDB2aDsKICBkaXNwbGF5OiBmbGV4OwogIGFsaWduLWl0ZW1zOiBjZW50ZXI7CiAganVzdGlmeS1jb250ZW50OiBjZW50ZXI7CiAgY29sb3I6IHdoaXRlOwp9CgouaGVyby1tZWRpYSB7CiAgcG9zaXRpb246IGFic29sdXRlOwogIHRvcDogMDsKICBsZWZ0OiAwOwogIHJpZ2h0OiAwOwogIGJvdHRvbTogMDsKICBiYWNrZ3JvdW5kOiBsaW5lYXItZ3JhZGllbnQoMTM1ZGVnLCB2YXIoLS1wcmltYXJ5KSAwJSwgdmFyKC0tYWNjZW50KSAxMDAlKTsKfQoKLmhlcm8tb3ZlcmxheSB7CiAgcG9zaXRpb246IGFic29sdXRlOwogIHRvcDogMDsKICBsZWZ0OiAwOwogIHJpZ2h0OiAwOwogIGJvdHRvbTogMDsKICBiYWNrZ3JvdW5kOiByZ2JhKDAsIDAsIDAsIDAuNCk7Cn0KCi5oZXJvLXZpc3VhbC1jb250ZW50IHsKICBwb3NpdGlvbjogcmVsYXRpdmU7CiAgei1pbmRleDogMTsKICB0ZXh0LWFsaWduOiBjZW50ZXI7CiAgbWF4LXdpZHRoOiA4MDBweDsKICBwYWRkaW5nOiAwIDJyZW07Cn0KCi5oZXJvLXZpc3VhbC10aXRsZSB7CiAgZm9udC1zaXplOiBjbGFtcCgyLjVyZW0sIDh2dywgNXJlbSk7CiAgZm9udC13ZWlnaHQ6IDcwMDsKICBtYXJnaW4tYm90dG9tOiAxLjVyZW07Cn0KCi5oZXJvLXZpc3VhbC1zdWJ0aXRsZSB7CiAgZm9udC1zaXplOiBjbGFtcCgxLjEyNXJlbSwgM3Z3LCAxLjVyZW0pOwogIG1hcmdpbi1ib3R0b206IDIuNXJlbTsKfQoKLyogRmVhdHVyZXMgU2VjdGlvbiAqLwouZmVhdHVyZXMtc2VjdGlvbiB7CiAgYmFja2dyb3VuZC1jb2xvcjogdmFyKC0tbXV0ZWQpOwp9CgouZmVhdHVyZXMtZ3JpZCB7CiAgZGlzcGxheTogZ3JpZDsKICBncmlkLXRlbXBsYXRlLWNvbHVtbnM6IHJlcGVhdChhdXRvLWZpdCwgbWlubWF4KDMwMHB4LCAxZnIpKTsKICBnYXA6IDJyZW07CiAgbWFyZ2luLXRvcDogM3JlbTsKfQoKLmZlYXR1cmUtY2FyZCB7CiAgcGFkZGluZzogMnJlbTsKICBiYWNrZ3JvdW5kLWNvbG9yOiB2YXIoLS1iYWNrZ3JvdW5kKTsKICBib3JkZXItcmFkaXVzOiB2YXIoLS1yYWRpdXMtbGcpOwogIGJvcmRlcjogMXB4IHNvbGlkIHZhcigtLWJvcmRlcik7CiAgdHJhbnNpdGlvbjogdHJhbnNmb3JtIDAuMnMsIGJveC1zaGFkb3cgMC4yczsKfQoKLmZlYXR1cmUtY2FyZDpob3ZlciB7CiAgdHJhbnNmb3JtOiB0cmFuc2xhdGVZKC00cHgpOwogIGJveC1zaGFkb3c6IDAgMTBweCAzMHB4IHJnYmEoMCwgMCwgMCwgMC4xKTsKfQoKLmZlYXR1cmUtaWNvbiB7CiAgd2lkdGg6IDNyZW07CiAgaGVpZ2h0OiAzcmVtOwogIGRpc3BsYXk6IGZsZXg7CiAgYWxpZ24taXRlbXM6IGNlbnRlcjsKICBqdXN0aWZ5LWNvbnRlbnQ6IGNlbnRlcjsKICBiYWNrZ3JvdW5kLWNvbG9yOiB2YXIoLS1wcmltYXJ5KTsKICBjb2xvcjogdmFyKC0tcHJpbWFyeS1mb3JlZ3JvdW5kKTsKICBib3JkZXItcmFkaXVzOiB2YXIoLS1yYWRpdXMtbWQpOwogIGZvbnQtc2l6ZTogMS41cmVtOwogIG1hcmdpbi1ib3R0b206IDEuNXJlbTsKfQoKLmZlYXR1cmUtdGl0bGUgewogIGZvbnQtc2l6ZTogMS4yNXJlbTsKICBmb250LXdlaWdodDogNjAwOwogIG1hcmdpbi1ib3R0b206IDAuNzVyZW07Cn0KCi5mZWF0dXJlLWRlc2NyaXB0aW9uIHsKICBjb2xvcjogdmFyKC0tbXV0ZWQtZm9yZWdyb3VuZCk7Cn0KCi8qIEJlbnRvIEdyaWQgKi8KLmZlYXR1cmVzLWJlbnRvIHsKICBiYWNrZ3JvdW5kLWNvbG9yOiB2YXIoLS1iYWNrZ3JvdW5kKTsKfQoKLmJlbnRvLWdyaWQgewogIGRpc3BsYXk6IGdyaWQ7CiAgZ3JpZC10ZW1wbGF0ZS1jb2x1bW5zOiByZXBlYXQoNCwgMWZyKTsKICBnYXA6IDFyZW07CiAgbWFyZ2luLXRvcDogM3JlbTsKfQoKLmJlbnRvLWxhcmdlIHsKICBncmlkLWNvbHVtbjogc3BhbiAyOwogIGdyaWQtcm93OiBzcGFuIDI7CiAgcGFkZGluZzogM3JlbTsKICBiYWNrZ3JvdW5kOiBsaW5lYXItZ3JhZGllbnQoMTM1ZGVnLCB2YXIoLS1wcmltYXJ5KSAwJSwgdmFyKC0tYWNjZW50KSAxMDAlKTsKICBjb2xvcjogd2hpdGU7CiAgYm9yZGVyLXJhZGl1czogdmFyKC0tcmFkaXVzLXhsKTsKfQoKLmJlbnRvLXNtYWxsIHsKICBwYWRkaW5nOiAycmVtOwogIGJhY2tncm91bmQtY29sb3I6IHZhcigtLW11dGVkKTsKICBib3JkZXItcmFkaXVzOiB2YXIoLS1yYWRpdXMtbGcpOwp9CgouYmVudG8tbWVkaXVtIHsKICBncmlkLWNvbHVtbjogc3BhbiAyOwogIHBhZGRpbmc6IDJyZW07CiAgYmFja2dyb3VuZC1jb2xvcjogdmFyKC0tc2Vjb25kYXJ5KTsKICBib3JkZXItcmFkaXVzOiB2YXIoLS1yYWRpdXMtbGcpOwp9CgovKiBTZXJ2aWNlcyBTZWN0aW9uICovCi5zZXJ2aWNlcy1ncmlkIHsKICBkaXNwbGF5OiBncmlkOwogIGdyaWQtdGVtcGxhdGUtY29sdW1uczogcmVwZWF0KGF1dG8tZml0LCBtaW5tYXgoMzIwcHgsIDFmcikpOwogIGdhcDogMnJlbTsKICBtYXJnaW4tdG9wOiAzcmVtOwp9Cgouc2VydmljZS1jYXJkIHsKICBwYWRkaW5nOiAyLjVyZW07CiAgYmFja2dyb3VuZC1jb2xvcjogdmFyKC0tYmFja2dyb3VuZCk7CiAgYm9yZGVyOiAycHggc29saWQgdmFyKC0tYm9yZGVyKTsKICBib3JkZXItcmFkaXVzOiB2YXIoLS1yYWRpdXMtbGcpOwogIHRyYW5zaXRpb246IGJvcmRlci1jb2xvciAwLjJzOwp9Cgouc2VydmljZS1jYXJkOmhvdmVyIHsKICBib3JkZXItY29sb3I6IHZhcigtLXByaW1hcnkpOwp9Cgouc2VydmljZS1udW1iZXIgewogIGRpc3BsYXk6IGlubGluZS1ibG9jazsKICB3aWR0aDogM3JlbTsKICBoZWlnaHQ6IDNyZW07CiAgbGluZS1oZWlnaHQ6IDNyZW07CiAgdGV4dC1hbGlnbjogY2VudGVyOwogIGJhY2tncm91bmQtY29sb3I6IHZhcigtLXByaW1hcnkpOwogIGNvbG9yOiB2YXIoLS1wcmltYXJ5LWZvcmVncm91bmQpOwogIGJvcmRlci1yYWRpdXM6IDUwJTsKICBmb250LXdlaWdodDogNjAwOwogIG1hcmdpbi1ib3R0b206IDEuNXJlbTsKfQoKLnNlcnZpY2UtdGl0bGUgewogIGZvbnQtc2l6ZTogMS41cmVtOwogIGZvbnQtd2VpZ2h0OiA2MDA7CiAgbWFyZ2luLWJvdHRvbTogMXJlbTsKfQoKLnNlcnZpY2UtZGVzY3JpcHRpb24gewogIGNvbG9yOiB2YXIoLS1tdXRlZC1mb3JlZ3JvdW5kKTsKICBtYXJnaW4tYm90dG9tOiAxLjVyZW07Cn0KCi5zZXJ2aWNlLWxpbmsgewogIGNvbG9yOiB2YXIoLS1wcmltYXJ5KTsKICBmb250LXdlaWdodDogNTAwOwogIGRpc3BsYXk6IGlubGluZS1mbGV4OwogIGFsaWduLWl0ZW1zOiBjZW50ZXI7CiAgZ2FwOiAwLjVyZW07Cn0KCi8qIEFsdGVybmF0aW5nIFNlcnZpY2VzICovCi5zZXJ2aWNlcy1hbHRlcm5hdGluZyAuc2VydmljZS1yb3cgewogIGRpc3BsYXk6IGdyaWQ7CiAgZ3JpZC10ZW1wbGF0ZS1jb2x1bW5zOiAxZnIgMWZyOwogIGdhcDogNHJlbTsKICBhbGlnbi1pdGVtczogY2VudGVyOwogIG1hcmdpbi1ib3R0b206IDZyZW07Cn0KCi5zZXJ2aWNlcy1hbHRlcm5hdGluZyAuc2VydmljZS1yb3cucmV2ZXJzZSB7CiAgZGlyZWN0aW9uOiBydGw7Cn0KCi5zZXJ2aWNlcy1hbHRlcm5hdGluZyAuc2VydmljZS1yb3cucmV2ZXJzZSA+ICogewogIGRpcmVjdGlvbjogbHRyOwp9Cgouc2VydmljZS10aXRsZS1sYXJnZSB7CiAgZm9udC1zaXplOiAxLjg3NXJlbTsKICBtYXJnaW4tYm90dG9tOiAxcmVtOwp9Cgouc2VydmljZS1kZXNjcmlwdGlvbi1sYXJnZSB7CiAgZm9udC1zaXplOiAxLjEyNXJlbTsKICBjb2xvcjogdmFyKC0tbXV0ZWQtZm9yZWdyb3VuZCk7CiAgbWFyZ2luLWJvdHRvbTogMS41cmVtOwp9Cgouc2VydmljZS1mZWF0dXJlcyB7CiAgbGlzdC1zdHlsZTogbm9uZTsKICBwYWRkaW5nOiAwOwp9Cgouc2VydmljZS1mZWF0dXJlcyBsaSB7CiAgcGFkZGluZy1sZWZ0OiAxLjVyZW07CiAgcG9zaXRpb246IHJlbGF0aXZlOwogIG1hcmdpbi1ib3R0b206IDAuNzVyZW07Cn0KCi5zZXJ2aWNlLWZlYXR1cmVzIGxpOmJlZm9yZSB7CiAgY29udGVudDogJ+Kckyc7CiAgcG9zaXRpb246IGFic29sdXRlOwogIGxlZnQ6IDA7CiAgY29sb3I6IHZhcigtLXByaW1hcnkpOwogIGZvbnQtd2VpZ2h0OiBib2xkOwp9Cgouc2VydmljZS12aXN1YWwgewogIGFzcGVjdC1yYXRpbzogNC8zOwogIGJvcmRlci1yYWRpdXM6IHZhcigtLXJhZGl1cy14bCk7CiAgb3ZlcmZsb3c6IGhpZGRlbjsKfQoKLnNlcnZpY2UtcGxhY2Vob2xkZXIgewogIHdpZHRoOiAxMDAlOwogIGhlaWdodDogMTAwJTsKICBiYWNrZ3JvdW5kOiBsaW5lYXItZ3JhZGllbnQoMTM1ZGVnLCB2YXIoLS1wcmltYXJ5KSAwJSwgdmFyKC0tYWNjZW50KSAxMDAlKTsKfQoKLyogVGVzdGltb25pYWxzICovCi50ZXN0aW1vbmlhbHMtZ3JpZCB7CiAgZGlzcGxheTogZ3JpZDsKICBncmlkLXRlbXBsYXRlLWNvbHVtbnM6IHJlcGVhdChhdXRvLWZpdCwgbWlubWF4KDM0MHB4LCAxZnIpKTsKICBnYXA6IDJyZW07CiAgbWFyZ2luLXRvcDogM3JlbTsKfQoKLnRlc3RpbW9uaWFsLWNhcmQgewogIHBhZGRpbmc6IDJyZW07CiAgYmFja2dyb3VuZC1jb2xvcjogdmFyKC0tYmFja2dyb3VuZCk7CiAgYm9yZGVyOiAxcHggc29saWQgdmFyKC0tYm9yZGVyKTsKICBib3JkZXItcmFkaXVzOiB2YXIoLS1yYWRpdXMtbGcpOwp9CgoudGVzdGltb25pYWwtcXVvdGUgewogIGZvbnQtc2l6ZTogMS4xMjVyZW07CiAgbGluZS1oZWlnaHQ6IDEuNjsKICBtYXJnaW4tYm90dG9tOiAxLjVyZW07CiAgY29sb3I6IHZhcigtLWZvcmVncm91bmQpOwp9CgoudGVzdGltb25pYWwtYXV0aG9yIHsKICBkaXNwbGF5OiBmbGV4OwogIGFsaWduLWl0ZW1zOiBjZW50ZXI7CiAgZ2FwOiAxcmVtOwp9CgouYXV0aG9yLWF2YXRhciB7CiAgd2lkdGg6IDNyZW07CiAgaGVpZ2h0OiAzcmVtOwogIGJvcmRlci1yYWRpdXM6IDUwJTsKICBiYWNrZ3JvdW5kOiBsaW5lYXItZ3JhZGllbnQoMTM1ZGVnLCB2YXIoLS1wcmltYXJ5KSAwJSwgdmFyKC0tYWNjZW50KSAxMDAlKTsKICBjb2xvcjogd2hpdGU7CiAgZGlzcGxheTogZmxleDsKICBhbGlnbi1pdGVtczogY2VudGVyOwogIGp1c3RpZnktY29udGVudDogY2VudGVyOwogIGZvbnQtd2VpZ2h0OiA2MDA7CiAgZm9udC1zaXplOiAxLjEyNXJlbTsKfQoKLmF1dGhvci1uYW1lIHsKICBmb250LXdlaWdodDogNjAwOwogIGZvbnQtc2l6ZTogMXJlbTsKfQoKLmF1dGhvci1yb2xlIHsKICBmb250LXNpemU6IDAuODc1cmVtOwogIGNvbG9yOiB2YXIoLS1tdXRlZC1mb3JlZ3JvdW5kKTsKfQoKLyogUHJpY2luZyAqLwoucHJpY2luZy1ncmlkIHsKICBkaXNwbGF5OiBncmlkOwogIGdyaWQtdGVtcGxhdGUtY29sdW1uczogcmVwZWF0KGF1dG8tZml0LCBtaW5tYXgoMzAwcHgsIDFmcikpOwogIGdhcDogMnJlbTsKICBtYXJnaW4tdG9wOiAzcmVtOwp9CgoucHJpY2luZy1jYXJkIHsKICBwYWRkaW5nOiAyLjVyZW07CiAgYmFja2dyb3VuZC1jb2xvcjogdmFyKC0tYmFja2dyb3VuZCk7CiAgYm9yZGVyOiAycHggc29saWQgdmFyKC0tYm9yZGVyKTsKICBib3JkZXItcmFkaXVzOiB2YXIoLS1yYWRpdXMteGwpOwogIHRleHQtYWxpZ246IGNlbnRlcjsKICB0cmFuc2l0aW9uOiB0cmFuc2Zvcm0gMC4ycywgYm94LXNoYWRvdyAwLjJzOwp9CgoucHJpY2luZy1jYXJkOmhvdmVyIHsKICB0cmFuc2Zvcm06IHRyYW5zbGF0ZVkoLTRweCk7CiAgYm94LXNoYWRvdzogMCAxMHB4IDMwcHggcmdiYSgwLCAwLCAwLCAwLjEpOwp9CgoucHJpY2luZy1jYXJkLmZlYXR1cmVkIHsKICBib3JkZXItY29sb3I6IHZhcigtLXByaW1hcnkpOwogIGJveC1zaGFkb3c6IDAgMTBweCA0MHB4IHJnYmEoMCwgMCwgMCwgMC4xNSk7CiAgdHJhbnNmb3JtOiBzY2FsZSgxLjA1KTsKfQoKLnBsYW4tbmFtZSB7CiAgZm9udC1zaXplOiAxLjVyZW07CiAgZm9udC13ZWlnaHQ6IDYwMDsKICBtYXJnaW4tYm90dG9tOiAxcmVtOwp9CgoucGxhbi1wcmljZSB7CiAgbWFyZ2luLWJvdHRvbTogMnJlbTsKfQoKLnByaWNlLWFtb3VudCB7CiAgZm9udC1zaXplOiAzcmVtOwogIGZvbnQtd2VpZ2h0OiA3MDA7Cn0KCi5wcmljZS1wZXJpb2QgewogIGZvbnQtc2l6ZTogMS4xMjVyZW07CiAgY29sb3I6IHZhcigtLW11dGVkLWZvcmVncm91bmQpOwp9CgoucGxhbi1mZWF0dXJlcyB7CiAgbGlzdC1zdHlsZTogbm9uZTsKICBwYWRkaW5nOiAwOwogIG1hcmdpbi1ib3R0b206IDJyZW07CiAgdGV4dC1hbGlnbjogbGVmdDsKfQoKLnBsYW4tZmVhdHVyZXMgbGkgewogIHBhZGRpbmc6IDAuNzVyZW0gMDsKICBib3JkZXItYm90dG9tOiAxcHggc29saWQgdmFyKC0tYm9yZGVyKTsKfQoKLyogQWJvdXQgU2VjdGlvbiAqLwouYWJvdXQtY29udGVudCB7CiAgbWF4LXdpZHRoOiA4MDBweDsKICBtYXJnaW46IDAgYXV0byA0cmVtOwogIHRleHQtYWxpZ246IGNlbnRlcjsKfQoKLmFib3V0LWRlc2NyaXB0aW9uIHsKICBmb250LXNpemU6IDEuMTI1cmVtOwogIGNvbG9yOiB2YXIoLS1tdXRlZC1mb3JlZ3JvdW5kKTsKfQoKLnN0YXRzLWdyaWQgewogIGRpc3BsYXk6IGdyaWQ7CiAgZ3JpZC10ZW1wbGF0ZS1jb2x1bW5zOiByZXBlYXQoYXV0by1maXQsIG1pbm1heCgyMDBweCwgMWZyKSk7CiAgZ2FwOiAzcmVtOwogIG1hcmdpbi10b3A6IDNyZW07Cn0KCi5zdGF0IHsKICB0ZXh0LWFsaWduOiBjZW50ZXI7Cn0KCi5zdGF0LW51bWJlciB7CiAgZm9udC1zaXplOiAzcmVtOwogIGZvbnQtd2VpZ2h0OiA3MDA7CiAgY29sb3I6IHZhcigtLXByaW1hcnkpOwogIG1hcmdpbi1ib3R0b206IDAuNXJlbTsKfQoKLnN0YXQtbGFiZWwgewogIGZvbnQtc2l6ZTogMS4xMjVyZW07CiAgY29sb3I6IHZhcigtLW11dGVkLWZvcmVncm91bmQpOwp9CgovKiBDb250YWN0IEZvcm0gKi8KLmNvbnRhY3QtZm9ybSB7CiAgbWFyZ2luLXRvcDogM3JlbTsKfQoKLmZvcm0tcm93IHsKICBkaXNwbGF5OiBncmlkOwogIGdyaWQtdGVtcGxhdGUtY29sdW1uczogMWZyIDFmcjsKICBnYXA6IDEuNXJlbTsKICBtYXJnaW4tYm90dG9tOiAxLjVyZW07Cn0KCi5mb3JtLWdyb3VwIHsKICBkaXNwbGF5OiBmbGV4OwogIGZsZXgtZGlyZWN0aW9uOiBjb2x1bW47CiAgZ2FwOiAwLjVyZW07Cn0KCi5mb3JtLWdyb3VwIGxhYmVsIHsKICBmb250LXdlaWdodDogNTAwOwogIGZvbnQtc2l6ZTogMC44NzVyZW07CiAgY29sb3I6IHZhcigtLWZvcmVncm91bmQpOwp9CgouZm9ybS1ncm91cCBpbnB1dCwKLmZvcm0tZ3JvdXAgdGV4dGFyZWEgewogIHBhZGRpbmc6IDAuODc1cmVtIDFyZW07CiAgZm9udC1zaXplOiAxcmVtOwogIGZvbnQtZmFtaWx5OiBpbmhlcml0OwogIGNvbG9yOiB2YXIoLS1mb3JlZ3JvdW5kKTsKICBiYWNrZ3JvdW5kLWNvbG9yOiB2YXIoLS1iYWNrZ3JvdW5kKTsKICBib3JkZXI6IDJweCBzb2xpZCB2YXIoLS1ib3JkZXIpOwogIGJvcmRlci1yYWRpdXM6IHZhcigtLXJhZGl1cy1tZCk7CiAgdHJhbnNpdGlvbjogYm9yZGVyLWNvbG9yIDAuMnM7Cn0KCi5mb3JtLWdyb3VwIGlucHV0OmZvY3VzLAouZm9ybS1ncm91cCB0ZXh0YXJlYTpmb2N1cyB7CiAgb3V0bGluZTogbm9uZTsKICBib3JkZXItY29sb3I6IHZhcigtLXByaW1hcnkpOwp9CgovKiBGb290ZXIgKi8KLnNpdGUtZm9vdGVyIHsKICBiYWNrZ3JvdW5kLWNvbG9yOiB2YXIoLS1tdXRlZCk7CiAgcGFkZGluZzogNHJlbSAwIDJyZW07CiAgbWFyZ2luLXRvcDogdmFyKC0tc2VjdGlvbi1zcGFjaW5nKTsKfQoKLmZvb3Rlci1ncmlkIHsKICBkaXNwbGF5OiBncmlkOwogIGdyaWQtdGVtcGxhdGUtY29sdW1uczogMmZyIDFmciAxZnIgMWZyOwogIGdhcDogM3JlbTsKICBtYXJnaW4tYm90dG9tOiAzcmVtOwp9CgouZm9vdGVyLWJyYW5kIGgzIHsKICBmb250LXNpemU6IDEuNXJlbTsKICBtYXJnaW4tYm90dG9tOiAxcmVtOwp9CgouZm9vdGVyLWJyYW5kIHAgewogIGNvbG9yOiB2YXIoLS1tdXRlZC1mb3JlZ3JvdW5kKTsKfQoKLmZvb3Rlci1jb2x1bW4gaDQgewogIGZvbnQtc2l6ZTogMS4xMjVyZW07CiAgbWFyZ2luLWJvdHRvbTogMXJlbTsKfQoKLmZvb3Rlci1jb2x1bW4gdWwgewogIGxpc3Qtc3R5bGU6IG5vbmU7CiAgcGFkZGluZzogMDsKfQoKLmZvb3Rlci1jb2x1bW4gbGkgewogIG1hcmdpbi1ib3R0b206IDAuNzVyZW07Cn0KCi5mb290ZXItY29sdW1uIGEgewogIGNvbG9yOiB2YXIoLS1tdXRlZC1mb3JlZ3JvdW5kKTsKICB0cmFuc2l0aW9uOiBjb2xvciAwLjJzOwp9CgouZm9vdGVyLWNvbHVtbiBhOmhvdmVyIHsKICBjb2xvcjogdmFyKC0tZm9yZWdyb3VuZCk7Cn0KCi5mb290ZXItYm90dG9tIHsKICBwYWRkaW5nLXRvcDogMnJlbTsKICBib3JkZXItdG9wOiAxcHggc29saWQgdmFyKC0tYm9yZGVyKTsKICB0ZXh0LWFsaWduOiBjZW50ZXI7CiAgY29sb3I6IHZhcigtLW11dGVkLWZvcmVncm91bmQpOwogIGZvbnQtc2l6ZTogMC44NzVyZW07Cn0KCi8qIFJlc3BvbnNpdmUgRGVzaWduICovCkBtZWRpYSAobWF4LXdpZHRoOiA3NjhweCkgewogIC5oZXJvLWN0YSB7CiAgICBmbGV4LWRpcmVjdGlvbjogY29sdW1uOwogIH0KICAKICAuZmVhdHVyZXMtZ3JpZCwKICAuc2VydmljZXMtZ3JpZCwKICAudGVzdGltb25pYWxzLWdyaWQsCiAgLnByaWNpbmctZ3JpZCB7CiAgICBncmlkLXRlbXBsYXRlLWNvbHVtbnM6IDFmcjsKICB9CiAgCiAgLmJlbnRvLWdyaWQgewogICAgZ3JpZC10ZW1wbGF0ZS1jb2x1bW5zOiAxZnI7CiAgfQogIAogIC5iZW50by1sYXJnZSwKICAuYmVudG8tc21hbGwsCiAgLmJlbnRvLW1lZGl1bSB7CiAgICBncmlkLWNvbHVtbjogc3BhbiAxOwogICAgZ3JpZC1yb3c6IHNwYW4gMTsKICB9CiAgCiAgLnNlcnZpY2VzLWFsdGVybmF0aW5nIC5zZXJ2aWNlLXJvdyB7CiAgICBncmlkLXRlbXBsYXRlLWNvbHVtbnM6IDFmcjsKICB9CiAgCiAgLmZvb3Rlci1ncmlkIHsKICAgIGdyaWQtdGVtcGxhdGUtY29sdW1uczogMWZyOwogIH0KICAKICAuZm9ybS1yb3cgewogICAgZ3JpZC10ZW1wbGF0ZS1jb2x1bW5zOiAxZnI7CiAgfQp9CgovKiBBbmltYXRpb25zICovCkBrZXlmcmFtZXMgZmFkZUluVXAgewogIGZyb20gewogICAgb3BhY2l0eTogMDsKICAgIHRyYW5zZm9ybTogdHJhbnNsYXRlWSgzMHB4KTsKICB9CiAgdG8gewogICAgb3BhY2l0eTogMTsKICAgIHRyYW5zZm9ybTogdHJhbnNsYXRlWSgwKTsKICB9Cn0KCi5mYWRlLWluLXVwIHsKICBhbmltYXRpb246IGZhZGVJblVwIDAuNnMgZWFzZS1vdXQ7Cn0K","js":"Ly8gQW1hemluZyBQaXp6YSBQbGFjZSAtIE1vY2sgSmF2YVNjcmlwdApjb25zb2xlLmxvZygnQW1hemluZyBQaXp6YSBQbGFjZSAtIERlbW8gTW9kZScpOwoKLy8gU21vb3RoIHNjcm9sbCBmb3IgbmF2aWdhdGlvbgpkb2N1bWVudC5xdWVyeVNlbGVjdG9yQWxsKCdhW2hyZWZePSIjIl0nKS5mb3JFYWNoKGFuY2hvciA9PiB7CiAgYW5jaG9yLmFkZEV2ZW50TGlzdGVuZXIoJ2NsaWNrJywgZnVuY3Rpb24gKGUpIHsKICAgIGUucHJldmVudERlZmF1bHQoKTsKICAgIGNvbnN0IHRhcmdldCA9IGRvY3VtZW50LnF1ZXJ5U2VsZWN0b3IodGhpcy5nZXRBdHRyaWJ1dGUoJ2hyZWYnKSk7CiAgICBpZiAodGFyZ2V0KSB7CiAgICAgIHRhcmdldC5zY3JvbGxJbnRvVmlldyh7IGJlaGF2aW9yOiAnc21vb3RoJyB9KTsKICAgIH0KICB9KTsKfSk7"},"encoded":true}}


